Archive member included to satisfy reference by file (symbol)

C:/ST/STM32CubeCLT_1.16.0/GNU-tools-for-STM32/bin/../lib/gcc/arm-none-eabi/12.3.1/../../../../arm-none-eabi/lib/thumb/v7-m/nofp\libc_nano.a(libc_a-exit.o)
                              C:/ST/STM32CubeCLT_1.16.0/GNU-tools-for-STM32/bin/../lib/gcc/arm-none-eabi/12.3.1/../../../../arm-none-eabi/lib/thumb/v7-m/nofp/crt0.o (exit)
C:/ST/STM32CubeCLT_1.16.0/GNU-tools-for-STM32/bin/../lib/gcc/arm-none-eabi/12.3.1/../../../../arm-none-eabi/lib/thumb/v7-m/nofp\libc_nano.a(libc_a-findfp.o)
                              C:/ST/STM32CubeCLT_1.16.0/GNU-tools-for-STM32/bin/../lib/gcc/arm-none-eabi/12.3.1/../../../../arm-none-eabi/lib/thumb/v7-m/nofp\libc_nano.a(libc_a-exit.o) (__stdio_exit_handler)
C:/ST/STM32CubeCLT_1.16.0/GNU-tools-for-STM32/bin/../lib/gcc/arm-none-eabi/12.3.1/../../../../arm-none-eabi/lib/thumb/v7-m/nofp\libc_nano.a(libc_a-fwalk.o)
                              C:/ST/STM32CubeCLT_1.16.0/GNU-tools-for-STM32/bin/../lib/gcc/arm-none-eabi/12.3.1/../../../../arm-none-eabi/lib/thumb/v7-m/nofp\libc_nano.a(libc_a-findfp.o) (_fwalk_sglue)
C:/ST/STM32CubeCLT_1.16.0/GNU-tools-for-STM32/bin/../lib/gcc/arm-none-eabi/12.3.1/../../../../arm-none-eabi/lib/thumb/v7-m/nofp\libc_nano.a(libc_a-stdio.o)
                              C:/ST/STM32CubeCLT_1.16.0/GNU-tools-for-STM32/bin/../lib/gcc/arm-none-eabi/12.3.1/../../../../arm-none-eabi/lib/thumb/v7-m/nofp\libc_nano.a(libc_a-findfp.o) (__sread)
C:/ST/STM32CubeCLT_1.16.0/GNU-tools-for-STM32/bin/../lib/gcc/arm-none-eabi/12.3.1/../../../../arm-none-eabi/lib/thumb/v7-m/nofp\libc_nano.a(libc_a-memset.o)
                              C:/ST/STM32CubeCLT_1.16.0/GNU-tools-for-STM32/bin/../lib/gcc/arm-none-eabi/12.3.1/../../../../arm-none-eabi/lib/thumb/v7-m/nofp/crt0.o (memset)
C:/ST/STM32CubeCLT_1.16.0/GNU-tools-for-STM32/bin/../lib/gcc/arm-none-eabi/12.3.1/../../../../arm-none-eabi/lib/thumb/v7-m/nofp\libc_nano.a(libc_a-closer.o)
                              C:/ST/STM32CubeCLT_1.16.0/GNU-tools-for-STM32/bin/../lib/gcc/arm-none-eabi/12.3.1/../../../../arm-none-eabi/lib/thumb/v7-m/nofp\libc_nano.a(libc_a-stdio.o) (_close_r)
C:/ST/STM32CubeCLT_1.16.0/GNU-tools-for-STM32/bin/../lib/gcc/arm-none-eabi/12.3.1/../../../../arm-none-eabi/lib/thumb/v7-m/nofp\libc_nano.a(libc_a-reent.o)
                              C:/ST/STM32CubeCLT_1.16.0/GNU-tools-for-STM32/bin/../lib/gcc/arm-none-eabi/12.3.1/../../../../arm-none-eabi/lib/thumb/v7-m/nofp\libc_nano.a(libc_a-closer.o) (errno)
C:/ST/STM32CubeCLT_1.16.0/GNU-tools-for-STM32/bin/../lib/gcc/arm-none-eabi/12.3.1/../../../../arm-none-eabi/lib/thumb/v7-m/nofp\libc_nano.a(libc_a-impure.o)
                              C:/ST/STM32CubeCLT_1.16.0/GNU-tools-for-STM32/bin/../lib/gcc/arm-none-eabi/12.3.1/../../../../arm-none-eabi/lib/thumb/v7-m/nofp\libc_nano.a(libc_a-reent.o) (_impure_ptr)
C:/ST/STM32CubeCLT_1.16.0/GNU-tools-for-STM32/bin/../lib/gcc/arm-none-eabi/12.3.1/../../../../arm-none-eabi/lib/thumb/v7-m/nofp\libc_nano.a(libc_a-lseekr.o)
                              C:/ST/STM32CubeCLT_1.16.0/GNU-tools-for-STM32/bin/../lib/gcc/arm-none-eabi/12.3.1/../../../../arm-none-eabi/lib/thumb/v7-m/nofp\libc_nano.a(libc_a-stdio.o) (_lseek_r)
C:/ST/STM32CubeCLT_1.16.0/GNU-tools-for-STM32/bin/../lib/gcc/arm-none-eabi/12.3.1/../../../../arm-none-eabi/lib/thumb/v7-m/nofp\libc_nano.a(libc_a-readr.o)
                              C:/ST/STM32CubeCLT_1.16.0/GNU-tools-for-STM32/bin/../lib/gcc/arm-none-eabi/12.3.1/../../../../arm-none-eabi/lib/thumb/v7-m/nofp\libc_nano.a(libc_a-stdio.o) (_read_r)
C:/ST/STM32CubeCLT_1.16.0/GNU-tools-for-STM32/bin/../lib/gcc/arm-none-eabi/12.3.1/../../../../arm-none-eabi/lib/thumb/v7-m/nofp\libc_nano.a(libc_a-writer.o)
                              C:/ST/STM32CubeCLT_1.16.0/GNU-tools-for-STM32/bin/../lib/gcc/arm-none-eabi/12.3.1/../../../../arm-none-eabi/lib/thumb/v7-m/nofp\libc_nano.a(libc_a-stdio.o) (_write_r)
C:/ST/STM32CubeCLT_1.16.0/GNU-tools-for-STM32/bin/../lib/gcc/arm-none-eabi/12.3.1/../../../../arm-none-eabi/lib/thumb/v7-m/nofp\libc_nano.a(libc_a-init.o)
                              C:/ST/STM32CubeCLT_1.16.0/GNU-tools-for-STM32/bin/../lib/gcc/arm-none-eabi/12.3.1/../../../../arm-none-eabi/lib/thumb/v7-m/nofp/crt0.o (__libc_init_array)
C:/ST/STM32CubeCLT_1.16.0/GNU-tools-for-STM32/bin/../lib/gcc/arm-none-eabi/12.3.1/../../../../arm-none-eabi/lib/thumb/v7-m/nofp\libc_nano.a(libc_a-lock.o)
                              C:/ST/STM32CubeCLT_1.16.0/GNU-tools-for-STM32/bin/../lib/gcc/arm-none-eabi/12.3.1/../../../../arm-none-eabi/lib/thumb/v7-m/nofp\libc_nano.a(libc_a-findfp.o) (__retarget_lock_init_recursive)
C:/ST/STM32CubeCLT_1.16.0/GNU-tools-for-STM32/bin/../lib/gcc/arm-none-eabi/12.3.1/../../../../arm-none-eabi/lib/thumb/v7-m/nofp\libc_nano.a(libc_a-freer.o)
                              C:/ST/STM32CubeCLT_1.16.0/GNU-tools-for-STM32/bin/../lib/gcc/arm-none-eabi/12.3.1/../../../../arm-none-eabi/lib/thumb/v7-m/nofp\libc_nano.a(libc_a-reent.o) (_free_r)
[...]
Memory Configuration

Name             Origin             Length             Attributes
RAM              0x20000000         0x00005000         xrw
FLASH            0x08000000         0x00020000         xr
*default*        0x00000000         0xffffffff

Linker script and memory map

LOAD C:/ST/STM32CubeCLT_1.16.0/GNU-tools-for-STM32/bin/../lib/gcc/arm-none-eabi/12.3.1/thumb/v7-m/nofp/crti.o
LOAD C:/ST/STM32CubeCLT_1.16.0/GNU-tools-for-STM32/bin/../lib/gcc/arm-none-eabi/12.3.1/thumb/v7-m/nofp/crtbegin.o
LOAD C:/ST/STM32CubeCLT_1.16.0/GNU-tools-for-STM32/bin/../lib/gcc/arm-none-eabi/12.3.1/../../../../arm-none-eabi/lib/thumb/v7-m/nofp/crt0.o
START GROUP
LOAD C:/ST/STM32CubeCLT_1.16.0/GNU-tools-for-STM32/bin/../lib/gcc/arm-none-eabi/12.3.1/../../../../arm-none-eabi/lib/thumb/v7-m/nofp\libc_nano.a
LOAD C:/ST/STM32CubeCLT_1.16.0/GNU-tools-for-STM32/bin/../lib/gcc/arm-none-eabi/12.3.1/../../../../arm-none-eabi/lib/thumb/v7-m/nofp\libm.a
END GROUP
LOAD CMakeFiles/EIM_devboard.dir/Core/Src/main.c.obj
LOAD CMakeFiles/EIM_devboard.dir/Core/Src/gpio.c.obj
LOAD CMakeFiles/EIM_devboard.dir/Core/Src/adc.c.obj
LOAD CMakeFiles/EIM_devboard.dir/Core/Src/can.c.obj
LOAD CMakeFiles/EIM_devboard.dir/Core/Src/i2c.c.obj
LOAD CMakeFiles/EIM_devboard.dir/Core/Src/spi.c.obj
LOAD CMakeFiles/EIM_devboard.dir/Core/Src/usart.c.obj
LOAD CMakeFiles/EIM_devboard.dir/Core/Src/stm32f1xx_it.c.obj
LOAD CMakeFiles/EIM_devboard.dir/Core/Src/stm32f1xx_hal_msp.c.obj
LOAD CMakeFiles/EIM_devboard.dir/Drivers/STM32F1xx_HAL_Driver/Src/stm32f1xx_hal_gpio_ex.c.obj
LOAD CMakeFiles/EIM_devboard.dir/Drivers/STM32F1xx_HAL_Driver/Src/stm32f1xx_hal_adc.c.obj
LOAD CMakeFiles/EIM_devboard.dir/Drivers/STM32F1xx_HAL_Driver/Src/stm32f1xx_hal_adc_ex.c.obj
LOAD CMakeFiles/EIM_devboard.dir/Drivers/STM32F1xx_HAL_Driver/Src/stm32f1xx_hal.c.obj
LOAD CMakeFiles/EIM_devboard.dir/Drivers/STM32F1xx_HAL_Driver/Src/stm32f1xx_hal_rcc.c.obj
LOAD CMakeFiles/EIM_devboard.dir/Drivers/STM32F1xx_HAL_Driver/Src/stm32f1xx_hal_rcc_ex.c.obj
LOAD CMakeFiles/EIM_devboard.dir/Drivers/STM32F1xx_HAL_Driver/Src/stm32f1xx_hal_gpio.c.obj
LOAD CMakeFiles/EIM_devboard.dir/Drivers/STM32F1xx_HAL_Driver/Src/stm32f1xx_hal_dma.c.obj
LOAD CMakeFiles/EIM_devboard.dir/Drivers/STM32F1xx_HAL_Driver/Src/stm32f1xx_hal_cortex.c.obj
LOAD CMakeFiles/EIM_devboard.dir/Drivers/STM32F1xx_HAL_Driver/Src/stm32f1xx_hal_pwr.c.obj
LOAD CMakeFiles/EIM_devboard.dir/Drivers/STM32F1xx_HAL_Driver/Src/stm32f1xx_hal_flash.c.obj
LOAD CMakeFiles/EIM_devboard.dir/Drivers/STM32F1xx_HAL_Driver/Src/stm32f1xx_hal_flash_ex.c.obj
LOAD CMakeFiles/EIM_devboard.dir/Drivers/STM32F1xx_HAL_Driver/Src/stm32f1xx_hal_exti.c.obj
LOAD CMakeFiles/EIM_devboard.dir/Drivers/STM32F1xx_HAL_Driver/Src/stm32f1xx_hal_can.c.obj
LOAD CMakeFiles/EIM_devboard.dir/Drivers/STM32F1xx_HAL_Driver/Src/stm32f1xx_hal_i2c.c.obj
LOAD CMakeFiles/EIM_devboard.dir/Drivers/STM32F1xx_HAL_Driver/Src/stm32f1xx_hal_spi.c.obj
LOAD CMakeFiles/EIM_devboard.dir/Drivers/STM32F1xx_HAL_Driver/Src/stm32f1xx_hal_tim.c.obj
LOAD CMakeFiles/EIM_devboard.dir/Drivers/STM32F1xx_HAL_Driver/Src/stm32f1xx_hal_tim_ex.c.obj
LOAD CMakeFiles/EIM_devboard.dir/Drivers/STM32F1xx_HAL_Driver/Src/stm32f1xx_hal_uart.c.obj
LOAD CMakeFiles/EIM_devboard.dir/Core/Src/system_stm32f1xx.c.obj
LOAD CMakeFiles/EIM_devboard.dir/Core/Src/sysmem.c.obj
LOAD CMakeFiles/EIM_devboard.dir/Core/Src/syscalls.c.obj
LOAD CMakeFiles/EIM_devboard.dir/startup_stm32f103xb.s.obj
START GROUP
LOAD C:/ST/STM32CubeCLT_1.16.0/GNU-tools-for-STM32/bin/../lib/gcc/arm-none-eabi/12.3.1/thumb/v7-m/nofp\libgcc.a
LOAD C:/ST/STM32CubeCLT_1.16.0/GNU-tools-for-STM32/bin/../lib/gcc/arm-none-eabi/12.3.1/../../../../arm-none-eabi/lib/thumb/v7-m/nofp\libg_nano.a
LOAD C:/ST/STM32CubeCLT_1.16.0/GNU-tools-for-STM32/bin/../lib/gcc/arm-none-eabi/12.3.1/../../../../arm-none-eabi/lib/thumb/v7-m/nofp\libc_nano.a
END GROUP
START GROUP
LOAD C:/ST/STM32CubeCLT_1.16.0/GNU-tools-for-STM32/bin/../lib/gcc/arm-none-eabi/12.3.1/thumb/v7-m/nofp\libgcc.a
LOAD C:/ST/STM32CubeCLT_1.16.0/GNU-tools-for-STM32/bin/../lib/gcc/arm-none-eabi/12.3.1/../../../../arm-none-eabi/lib/thumb/v7-m/nofp\libc_nano.a
END GROUP
LOAD C:/ST/STM32CubeCLT_1.16.0/GNU-tools-for-STM32/bin/../lib/gcc/arm-none-eabi/12.3.1/thumb/v7-m/nofp/crtend.o
LOAD C:/ST/STM32CubeCLT_1.16.0/GNU-tools-for-STM32/bin/../lib/gcc/arm-none-eabi/12.3.1/thumb/v7-m/nofp/crtn.o
                0x20005000                        _estack = (ORIGIN (RAM) + LENGTH (RAM))
                0x00000200                        _Min_Heap_Size = 0x200
                0x00000400                        _Min_Stack_Size = 0x400

.isr_vector     0x08000000      0x10c
                0x08000000                        . = ALIGN (0x4)
 *(.isr_vector)
 .isr_vector    0x08000000      0x10c CMakeFiles/EIM_devboard.dir/startup_stm32f103xb.s.obj
                0x08000000                g_pfnVectors
                0x0800010c                        . = ALIGN (0x4)

.text           0x0800010c     0x2804
                0x0800010c                        . = ALIGN (0x4)
 *(.text)
 .text          0x0800010c       0x40 C:/ST/STM32CubeCLT_1.16.0/GNU-tools-for-STM32/bin/../lib/gcc/arm-none-eabi/12.3.1/thumb/v7-m/nofp/crtbegin.o
 *(.text*)
 .text.memset   0x0800014c       0x10 C:/ST/STM32CubeCLT_1.16.0/GNU-tools-for-STM32/bin/../lib/gcc/arm-none-eabi/12.3.1/../../../../arm-none-eabi/lib/thumb/v7-m/nofp\libc_nano.a(libc_a-memset.o)
                0x0800014c                memset
 .text.__libc_init_array
                0x0800015c       0x48 C:/ST/STM32CubeCLT_1.16.0/GNU-tools-for-STM32/bin/../lib/gcc/arm-none-eabi/12.3.1/../../../../arm-none-eabi/lib/thumb/v7-m/nofp\libc_nano.a(libc_a-init.o)
                0x0800015c                __libc_init_array
 .text.main     0x080001a4       0x94 CMakeFiles/EIM_devboard.dir/Core/Src/main.c.obj
                0x080001a4                main
 .text.SystemClock_Config
                0x08000238       0xae CMakeFiles/EIM_devboard.dir/Core/Src/main.c.obj
                0x08000238                SystemClock_Config
 .text.Error_Handler
                0x080002e6        0xc CMakeFiles/EIM_devboard.dir/Core/Src/main.c.obj
                0x080002e6                Error_Handler
 *fill*         0x080002f2        0x2 
 .text.MX_GPIO_Init
                0x080002f4      0x184 CMakeFiles/EIM_devboard.dir/Core/Src/gpio.c.obj
                0x080002f4                MX_GPIO_Init
 .text.MX_ADC1_Init
                0x08000478       0x7c CMakeFiles/EIM_devboard.dir/Core/Src/adc.c.obj
                0x08000478                MX_ADC1_Init
 .text.HAL_ADC_MspInit
                0x080004f4       0x78 CMakeFiles/EIM_devboard.dir/Core/Src/adc.c.obj
                0x080004f4                HAL_ADC_MspInit
 .text.MX_CAN_Init
                0x0800056c       0x6c CMakeFiles/EIM_devboard.dir/Core/Src/can.c.obj
                0x0800056c                MX_CAN_Init
 .text.HAL_CAN_MspInit
                0x080005d8       0x98 CMakeFiles/EIM_devboard.dir/Core/Src/can.c.obj
                0x080005d8                HAL_CAN_MspInit
 .text.MX_I2C1_Init
                0x08000670       0x5c CMakeFiles/EIM_devboard.dir/Core/Src/i2c.c.obj
                0x08000670                MX_I2C1_Init
 .text.HAL_I2C_MspInit
                0x080006cc       0x7c CMakeFiles/EIM_devboard.dir/Core/Src/i2c.c.obj
                0x080006cc                HAL_I2C_MspInit
 .text.MX_SPI2_Init
                0x08000748       0x6c CMakeFiles/EIM_devboard.dir/Core/Src/spi.c.obj
                0x08000748                MX_SPI2_Init
 .text.HAL_SPI_MspInit
                0x080007b4       0x98 CMakeFiles/EIM_devboard.dir/Core/Src/spi.c.obj
                0x080007b4                HAL_SPI_MspInit
 .text.MX_USART1_UART_Init
                0x0800084c       0x54 CMakeFiles/EIM_devboard.dir/Core/Src/usart.c.obj
                0x0800084c                MX_USART1_UART_Init
 .text.MX_USART2_UART_Init
                0x080008a0       0x54 CMakeFiles/EIM_devboard.dir/Core/Src/usart.c.obj
                0x080008a0                MX_USART2_UART_Init
 .text.HAL_UART_MspInit
                0x080008f4       0xf0 CMakeFiles/EIM_devboard.dir/Core/Src/usart.c.obj
                0x080008f4                HAL_UART_MspInit
 .text.NMI_Handler
                0x080009e4        0x8 CMakeFiles/EIM_devboard.dir/Core/Src/stm32f1xx_it.c.obj
                0x080009e4                NMI_Handler
 .text.HardFault_Handler
                0x080009ec        0x8 CMakeFiles/EIM_devboard.dir/Core/Src/stm32f1xx_it.c.obj
                0x080009ec                HardFault_Handler
 .text.MemManage_Handler
                0x080009f4        0x8 CMakeFiles/EIM_devboard.dir/Core/Src/stm32f1xx_it.c.obj
                0x080009f4                MemManage_Handler
 .text.BusFault_Handler
                0x080009fc        0x8 CMakeFiles/EIM_devboard.dir/Core/Src/stm32f1xx_it.c.obj
                0x080009fc                BusFault_Handler
 .text.UsageFault_Handler
                0x08000a04        0x8 CMakeFiles/EIM_devboard.dir/Core/Src/stm32f1xx_it.c.obj
                0x08000a04                UsageFault_Handler
 .text.SVC_Handler
                0x08000a0c        0xc CMakeFiles/EIM_devboard.dir/Core/Src/stm32f1xx_it.c.obj
                0x08000a0c                SVC_Handler
 .text.DebugMon_Handler
                0x08000a18        0xc CMakeFiles/EIM_devboard.dir/Core/Src/stm32f1xx_it.c.obj
                0x08000a18                DebugMon_Handler
 .text.PendSV_Handler
                0x08000a24        0xc CMakeFiles/EIM_devboard.dir/Core/Src/stm32f1xx_it.c.obj
                0x08000a24                PendSV_Handler
 .text.SysTick_Handler
                0x08000a30        0xc CMakeFiles/EIM_devboard.dir/Core/Src/stm32f1xx_it.c.obj
                0x08000a30                SysTick_Handler
 .text.EXTI15_10_IRQHandler
                0x08000a3c       0x10 CMakeFiles/EIM_devboard.dir/Core/Src/stm32f1xx_it.c.obj
                0x08000a3c                EXTI15_10_IRQHandler
 .text.HAL_MspInit
                0x08000a4c       0x64 CMakeFiles/EIM_devboard.dir/Core/Src/stm32f1xx_hal_msp.c.obj
                0x08000a4c                HAL_MspInit
 .text.HAL_ADC_Init
                0x08000ab0      0x1b0 CMakeFiles/EIM_devboard.dir/Drivers/STM32F1xx_HAL_Driver/Src/stm32f1xx_hal_adc.c.obj
                0x08000ab0                HAL_ADC_Init
 .text.HAL_ADC_ConfigChannel
                0x08000c60      0x1f0 CMakeFiles/EIM_devboard.dir/Drivers/STM32F1xx_HAL_Driver/Src/stm32f1xx_hal_adc.c.obj
                0x08000c60                HAL_ADC_ConfigChannel
 .text.ADC_ConversionStop_Disable
                0x08000e50       0x82 CMakeFiles/EIM_devboard.dir/Drivers/STM32F1xx_HAL_Driver/Src/stm32f1xx_hal_adc.c.obj
                0x08000e50                ADC_ConversionStop_Disable
 *fill*         0x08000ed2        0x2 
 .text.HAL_Init
                0x08000ed4       0x2c CMakeFiles/EIM_devboard.dir/Drivers/STM32F1xx_HAL_Driver/Src/stm32f1xx_hal.c.obj
                0x08000ed4                HAL_Init
 .text.HAL_InitTick
                0x08000f00       0x60 CMakeFiles/EIM_devboard.dir/Drivers/STM32F1xx_HAL_Driver/Src/stm32f1xx_hal.c.obj
                0x08000f00                HAL_InitTick
 .text.HAL_IncTick
                0x08000f60       0x24 CMakeFiles/EIM_devboard.dir/Drivers/STM32F1xx_HAL_Driver/Src/stm32f1xx_hal.c.obj
                0x08000f60                HAL_IncTick
 .text.HAL_GetTick
                0x08000f84       0x14 CMakeFiles/EIM_devboard.dir/Drivers/STM32F1xx_HAL_Driver/Src/stm32f1xx_hal.c.obj
                0x08000f84                HAL_GetTick
 .text.HAL_Delay
                0x08000f98       0x48 CMakeFiles/EIM_devboard.dir/Drivers/STM32F1xx_HAL_Driver/Src/stm32f1xx_hal.c.obj
                0x08000f98                HAL_Delay
 .text.HAL_RCC_OscConfig
                0x08000fe0      0x504 CMakeFiles/EIM_devboard.dir/Drivers/STM32F1xx_HAL_Driver/Src/stm32f1xx_hal_rcc.c.obj
                0x08000fe0                HAL_RCC_OscConfig
 .text.HAL_RCC_ClockConfig
                0x080014e4      0x1d4 CMakeFiles/EIM_devboard.dir/Drivers/STM32F1xx_HAL_Driver/Src/stm32f1xx_hal_rcc.c.obj
                0x080014e4                HAL_RCC_ClockConfig
 .text.HAL_RCC_GetSysClockFreq
                0x080016b8       0xa8 CMakeFiles/EIM_devboard.dir/Drivers/STM32F1xx_HAL_Driver/Src/stm32f1xx_hal_rcc.c.obj
                0x080016b8                HAL_RCC_GetSysClockFreq
 .text.HAL_RCC_GetHCLKFreq
                0x08001760       0x14 CMakeFiles/EIM_devboard.dir/Drivers/STM32F1xx_HAL_Driver/Src/stm32f1xx_hal_rcc.c.obj
                0x08001760                HAL_RCC_GetHCLKFreq
 .text.HAL_RCC_GetPCLK1Freq
                0x08001774       0x28 CMakeFiles/EIM_devboard.dir/Drivers/STM32F1xx_HAL_Driver/Src/stm32f1xx_hal_rcc.c.obj
                0x08001774                HAL_RCC_GetPCLK1Freq
 .text.HAL_RCC_GetPCLK2Freq
                0x0800179c       0x28 CMakeFiles/EIM_devboard.dir/Drivers/STM32F1xx_HAL_Driver/Src/stm32f1xx_hal_rcc.c.obj
                0x0800179c                HAL_RCC_GetPCLK2Freq
 .text.RCC_Delay
                0x080017c4       0x3c CMakeFiles/EIM_devboard.dir/Drivers/STM32F1xx_HAL_Driver/Src/stm32f1xx_hal_rcc.c.obj
 .text.HAL_RCCEx_PeriphCLKConfig
                0x08001800      0x16c CMakeFiles/EIM_devboard.dir/Drivers/STM32F1xx_HAL_Driver/Src/stm32f1xx_hal_rcc_ex.c.obj
                0x08001800                HAL_RCCEx_PeriphCLKConfig
 .text.HAL_GPIO_Init
                0x0800196c      0x308 CMakeFiles/EIM_devboard.dir/Drivers/STM32F1xx_HAL_Driver/Src/stm32f1xx_hal_gpio.c.obj
                0x0800196c                HAL_GPIO_Init
 .text.HAL_GPIO_WritePin
                0x08001c74       0x30 CMakeFiles/EIM_devboard.dir/Drivers/STM32F1xx_HAL_Driver/Src/stm32f1xx_hal_gpio.c.obj
                0x08001c74                HAL_GPIO_WritePin
 .text.HAL_GPIO_TogglePin
                0x08001ca4       0x32 CMakeFiles/EIM_devboard.dir/Drivers/STM32F1xx_HAL_Driver/Src/stm32f1xx_hal_gpio.c.obj
                0x08001ca4                HAL_GPIO_TogglePin
 *fill*         0x08001cd6        0x2 
 .text.HAL_GPIO_EXTI_IRQHandler
                0x08001cd8       0x30 CMakeFiles/EIM_devboard.dir/Drivers/STM32F1xx_HAL_Driver/Src/stm32f1xx_hal_gpio.c.obj
                0x08001cd8                HAL_GPIO_EXTI_IRQHandler
 .text.HAL_GPIO_EXTI_Callback
                0x08001d08       0x14 CMakeFiles/EIM_devboard.dir/Drivers/STM32F1xx_HAL_Driver/Src/stm32f1xx_hal_gpio.c.obj
                0x08001d08                HAL_GPIO_EXTI_Callback
 .text.__NVIC_SetPriorityGrouping
                0x08001d1c       0x48 CMakeFiles/EIM_devboard.dir/Drivers/STM32F1xx_HAL_Driver/Src/stm32f1xx_hal_cortex.c.obj
 .text.__NVIC_GetPriorityGrouping
                0x08001d64       0x1c CMakeFiles/EIM_devboard.dir/Drivers/STM32F1xx_HAL_Driver/Src/stm32f1xx_hal_cortex.c.obj
 .text.__NVIC_EnableIRQ
                0x08001d80       0x38 CMakeFiles/EIM_devboard.dir/Drivers/STM32F1xx_HAL_Driver/Src/stm32f1xx_hal_cortex.c.obj
 .text.__NVIC_SetPriority
                0x08001db8       0x54 CMakeFiles/EIM_devboard.dir/Drivers/STM32F1xx_HAL_Driver/Src/stm32f1xx_hal_cortex.c.obj
 .text.NVIC_EncodePriority
                0x08001e0c       0x64 CMakeFiles/EIM_devboard.dir/Drivers/STM32F1xx_HAL_Driver/Src/stm32f1xx_hal_cortex.c.obj
 .text.SysTick_Config
                0x08001e70       0x44 CMakeFiles/EIM_devboard.dir/Drivers/STM32F1xx_HAL_Driver/Src/stm32f1xx_hal_cortex.c.obj
 .text.HAL_NVIC_SetPriorityGrouping
                0x08001eb4       0x16 CMakeFiles/EIM_devboard.dir/Drivers/STM32F1xx_HAL_Driver/Src/stm32f1xx_hal_cortex.c.obj
                0x08001eb4                HAL_NVIC_SetPriorityGrouping
 .text.HAL_NVIC_SetPriority
                0x08001eca       0x38 CMakeFiles/EIM_devboard.dir/Drivers/STM32F1xx_HAL_Driver/Src/stm32f1xx_hal_cortex.c.obj
                0x08001eca                HAL_NVIC_SetPriority
 .text.HAL_NVIC_EnableIRQ
                0x08001f02       0x1c CMakeFiles/EIM_devboard.dir/Drivers/STM32F1xx_HAL_Driver/Src/stm32f1xx_hal_cortex.c.obj
                0x08001f02                HAL_NVIC_EnableIRQ
 .text.HAL_SYSTICK_Config
                0x08001f1e       0x18 CMakeFiles/EIM_devboard.dir/Drivers/STM32F1xx_HAL_Driver/Src/stm32f1xx_hal_cortex.c.obj
                0x08001f1e                HAL_SYSTICK_Config
 .text.HAL_CAN_Init
                0x08001f36      0x1f6 CMakeFiles/EIM_devboard.dir/Drivers/STM32F1xx_HAL_Driver/Src/stm32f1xx_hal_can.c.obj
                0x08001f36                HAL_CAN_Init
 .text.HAL_CAN_Start
                0x0800212c       0x88 CMakeFiles/EIM_devboard.dir/Drivers/STM32F1xx_HAL_Driver/Src/stm32f1xx_hal_can.c.obj
                0x0800212c                HAL_CAN_Start
 .text.HAL_CAN_AddTxMessage
                0x080021b4      0x19e CMakeFiles/EIM_devboard.dir/Drivers/STM32F1xx_HAL_Driver/Src/stm32f1xx_hal_can.c.obj
                0x080021b4                HAL_CAN_AddTxMessage
 *fill*         0x08002352        0x2 
 .text.HAL_I2C_Init
                0x08002354      0x288 CMakeFiles/EIM_devboard.dir/Drivers/STM32F1xx_HAL_Driver/Src/stm32f1xx_hal_i2c.c.obj
                0x08002354                HAL_I2C_Init
 .text.HAL_SPI_Init
                0x080025dc      0x108 CMakeFiles/EIM_devboard.dir/Drivers/STM32F1xx_HAL_Driver/Src/stm32f1xx_hal_spi.c.obj
                0x080025dc                HAL_SPI_Init
 .text.HAL_UART_Init
                0x080026e4       0xa0 CMakeFiles/EIM_devboard.dir/Drivers/STM32F1xx_HAL_Driver/Src/stm32f1xx_hal_uart.c.obj
                0x080026e4                HAL_UART_Init
 .text.UART_SetConfig
                0x08002784      0x11c CMakeFiles/EIM_devboard.dir/Drivers/STM32F1xx_HAL_Driver/Src/stm32f1xx_hal_uart.c.obj
 .text.SystemInit
                0x080028a0        0xc CMakeFiles/EIM_devboard.dir/Core/Src/system_stm32f1xx.c.obj
                0x080028a0                SystemInit
 .text.Reset_Handler
                0x080028ac       0x48 CMakeFiles/EIM_devboard.dir/startup_stm32f103xb.s.obj
                0x080028ac                Reset_Handler
 .text.Default_Handler
                0x080028f4        0x2 CMakeFiles/EIM_devboard.dir/startup_stm32f103xb.s.obj
                0x080028f4                RTC_Alarm_IRQHandler
                0x080028f4                EXTI2_IRQHandler
                0x080028f4                TIM1_CC_IRQHandler
                0x080028f4                PVD_IRQHandler
                0x080028f4                EXTI3_IRQHandler
                0x080028f4                EXTI0_IRQHandler
                0x080028f4                I2C2_EV_IRQHandler
                0x080028f4                ADC1_2_IRQHandler
                0x080028f4                SPI1_IRQHandler
                0x080028f4                TAMPER_IRQHandler
                0x080028f4                DMA1_Channel4_IRQHandler
                0x080028f4                USART3_IRQHandler
                0x080028f4                RTC_IRQHandler
                0x080028f4                DMA1_Channel7_IRQHandler
                0x080028f4                CAN1_RX1_IRQHandler
                0x080028f4                TIM4_IRQHandler
                0x080028f4                I2C1_EV_IRQHandler
                0x080028f4                DMA1_Channel6_IRQHandler
                0x080028f4                TIM3_IRQHandler
                0x080028f4                RCC_IRQHandler
                0x080028f4                TIM1_TRG_COM_IRQHandler
                0x080028f4                DMA1_Channel1_IRQHandler
                0x080028f4                Default_Handler
                0x080028f4                EXTI9_5_IRQHandler
                0x080028f4                SPI2_IRQHandler
                0x080028f4                DMA1_Channel5_IRQHandler
                0x080028f4                EXTI4_IRQHandler
                0x080028f4                USB_LP_CAN1_RX0_IRQHandler
                0x080028f4                USB_HP_CAN1_TX_IRQHandler
                0x080028f4                DMA1_Channel3_IRQHandler
                0x080028f4                TIM1_UP_IRQHandler
                0x080028f4                WWDG_IRQHandler
                0x080028f4                TIM2_IRQHandler
                0x080028f4                TIM1_BRK_IRQHandler
                0x080028f4                EXTI1_IRQHandler
                0x080028f4                USART2_IRQHandler
                0x080028f4                I2C2_ER_IRQHandler
                0x080028f4                DMA1_Channel2_IRQHandler
                0x080028f4                CAN1_SCE_IRQHandler
                0x080028f4                FLASH_IRQHandler
                0x080028f4                USART1_IRQHandler
                0x080028f4                I2C1_ER_IRQHandler
                0x080028f4                USBWakeUp_IRQHandler
 *(.glue_7)
 .glue_7        0x080028f6        0x0 linker stubs
 *(.glue_7t)
 .glue_7t       0x080028f6        0x0 linker stubs
 *(.eh_frame)
 *fill*         0x080028f6        0x2 
 .eh_frame      0x080028f8        0x0 C:/ST/STM32CubeCLT_1.16.0/GNU-tools-for-STM32/bin/../lib/gcc/arm-none-eabi/12.3.1/thumb/v7-m/nofp/crtbegin.o
 *(.init)
 .init          0x080028f8        0x4 C:/ST/STM32CubeCLT_1.16.0/GNU-tools-for-STM32/bin/../lib/gcc/arm-none-eabi/12.3.1/thumb/v7-m/nofp/crti.o
                0x080028f8                _init
 .init          0x080028fc        0x8 C:/ST/STM32CubeCLT_1.16.0/GNU-tools-for-STM32/bin/../lib/gcc/arm-none-eabi/12.3.1/thumb/v7-m/nofp/crtn.o
 *(.fini)
 .fini          0x08002904        0x4 C:/ST/STM32CubeCLT_1.16.0/GNU-tools-for-STM32/bin/../lib/gcc/arm-none-eabi/12.3.1/thumb/v7-m/nofp/crti.o
                0x08002904                _fini
 .fini          0x08002908        0x8 C:/ST/STM32CubeCLT_1.16.0/GNU-tools-for-STM32/bin/../lib/gcc/arm-none-eabi/12.3.1/thumb/v7-m/nofp/crtn.o
                0x08002910                        . = ALIGN (0x4)
                0x08002910                        _etext = .

.vfp11_veneer   0x08002910        0x0
 .vfp11_veneer  0x08002910        0x0 linker stubs

.v4_bx          0x08002910        0x0
 .v4_bx         0x08002910        0x0 linker stubs

.iplt           0x08002910        0x0
 .iplt          0x08002910        0x0 C:/ST/STM32CubeCLT_1.16.0/GNU-tools-for-STM32/bin/../lib/gcc/arm-none-eabi/12.3.1/thumb/v7-m/nofp/crtbegin.o

.rodata         0x08002910       0x2c
                0x08002910                        . = ALIGN (0x4)
 *(.rodata)
 *(.rodata*)
 .rodata.aPLLMULFactorTable.1
                0x08002910       0x10 CMakeFiles/EIM_devboard.dir/Drivers/STM32F1xx_HAL_Driver/Src/stm32f1xx_hal_rcc.c.obj
 .rodata.aPredivFactorTable.0
                0x08002920        0x2 CMakeFiles/EIM_devboard.dir/Drivers/STM32F1xx_HAL_Driver/Src/stm32f1xx_hal_rcc.c.obj
 *fill*         0x08002922        0x2 
 .rodata.AHBPrescTable
                0x08002924       0x10 CMakeFiles/EIM_devboard.dir/Core/Src/system_stm32f1xx.c.obj
                0x08002924                AHBPrescTable
 .rodata.APBPrescTable
                0x08002934        0x8 CMakeFiles/EIM_devboard.dir/Core/Src/system_stm32f1xx.c.obj
                0x08002934                APBPrescTable
                0x0800293c                        . = ALIGN (0x4)

.rel.dyn        0x0800293c        0x0
 .rel.iplt      0x0800293c        0x0 C:/ST/STM32CubeCLT_1.16.0/GNU-tools-for-STM32/bin/../lib/gcc/arm-none-eabi/12.3.1/thumb/v7-m/nofp/crtbegin.o

.ARM.extab
 *(.ARM.extab* .gnu.linkonce.armextab.*)

.ARM            0x0800293c        0x0
                0x0800293c                        __exidx_start = .
 *(.ARM.exidx*)
                0x0800293c                        __exidx_end = .

.preinit_array  0x0800293c        0x0
                0x0800293c                        PROVIDE (__preinit_array_start = .)
 *(.preinit_array*)
                0x0800293c                        PROVIDE (__preinit_array_end = .)

.init_array     0x0800293c        0x4
                0x0800293c                        PROVIDE (__init_array_start = .)
 *(SORT_BY_NAME(.init_array.*))
 *(.init_array*)
 .init_array    0x0800293c        0x4 C:/ST/STM32CubeCLT_1.16.0/GNU-tools-for-STM32/bin/../lib/gcc/arm-none-eabi/12.3.1/thumb/v7-m/nofp/crtbegin.o
                0x08002940                        PROVIDE (__init_array_end = .)

.fini_array     0x08002940        0x4
                [!provide]                        PROVIDE (__fini_array_start = .)
 *(SORT_BY_NAME(.fini_array.*))
 *(.fini_array*)
 .fini_array    0x08002940        0x4 C:/ST/STM32CubeCLT_1.16.0/GNU-tools-for-STM32/bin/../lib/gcc/arm-none-eabi/12.3.1/thumb/v7-m/nofp/crtbegin.o
                [!provide]                        PROVIDE (__fini_array_end = .)
                0x08002944                        _sidata = LOADADDR (.data)

.data           0x20000000        0xc load address 0x08002944
                0x20000000                        . = ALIGN (0x4)
                0x20000000                        _sdata = .
 *(.data)
 *(.data*)
 .data.uwTickPrio
                0x20000000        0x4 CMakeFiles/EIM_devboard.dir/Drivers/STM32F1xx_HAL_Driver/Src/stm32f1xx_hal.c.obj
                0x20000000                uwTickPrio
 .data.uwTickFreq
                0x20000004        0x1 CMakeFiles/EIM_devboard.dir/Drivers/STM32F1xx_HAL_Driver/Src/stm32f1xx_hal.c.obj
                0x20000004                uwTickFreq
 *fill*         0x20000005        0x3 
 .data.SystemCoreClock
                0x20000008        0x4 CMakeFiles/EIM_devboard.dir/Core/Src/system_stm32f1xx.c.obj
                0x20000008                SystemCoreClock
                0x2000000c                        . = ALIGN (0x4)
                0x2000000c                        _edata = .

.igot.plt       0x2000000c        0x0 load address 0x08002950
 .igot.plt      0x2000000c        0x0 C:/ST/STM32CubeCLT_1.16.0/GNU-tools-for-STM32/bin/../lib/gcc/arm-none-eabi/12.3.1/thumb/v7-m/nofp/crtbegin.o
                0x2000000c                        . = ALIGN (0x4)

.bss            0x2000000c      0x1d8 load address 0x08002950
                0x2000000c                        _sbss = .
                0x2000000c                        __bss_start__ = _sbss
 *(.bss)
 .bss           0x2000000c       0x1c C:/ST/STM32CubeCLT_1.16.0/GNU-tools-for-STM32/bin/../lib/gcc/arm-none-eabi/12.3.1/thumb/v7-m/nofp/crtbegin.o
 *(.bss*)
 .bss.TxHeader  0x20000028       0x18 CMakeFiles/EIM_devboard.dir/Core/Src/main.c.obj
                0x20000028                TxHeader
 .bss.TxData    0x20000040        0x8 CMakeFiles/EIM_devboard.dir/Core/Src/main.c.obj
                0x20000040                TxData
 .bss.TxMailbox
                0x20000048        0x4 CMakeFiles/EIM_devboard.dir/Core/Src/main.c.obj
                0x20000048                TxMailbox
 .bss.hadc1     0x2000004c       0x30 CMakeFiles/EIM_devboard.dir/Core/Src/adc.c.obj
                0x2000004c                hadc1
 .bss.hcan      0x2000007c       0x28 CMakeFiles/EIM_devboard.dir/Core/Src/can.c.obj
                0x2000007c                hcan
 .bss.hi2c1     0x200000a4       0x54 CMakeFiles/EIM_devboard.dir/Core/Src/i2c.c.obj
                0x200000a4                hi2c1
 .bss.hspi2     0x200000f8       0x58 CMakeFiles/EIM_devboard.dir/Core/Src/spi.c.obj
                0x200000f8                hspi2
 .bss.huart1    0x20000150       0x48 CMakeFiles/EIM_devboard.dir/Core/Src/usart.c.obj
                0x20000150                huart1
 .bss.huart2    0x20000198       0x48 CMakeFiles/EIM_devboard.dir/Core/Src/usart.c.obj
                0x20000198                huart2
 .bss.uwTick    0x200001e0        0x4 CMakeFiles/EIM_devboard.dir/Drivers/STM32F1xx_HAL_Driver/Src/stm32f1xx_hal.c.obj
                0x200001e0                uwTick
 *(COMMON)
                0x200001e4                        . = ALIGN (0x4)
                0x200001e4                        _ebss = .
                0x200001e4                        __bss_end__ = _ebss

._user_heap_stack
                0x200001e4      0x604 load address 0x08002950
                0x200001e8                        . = ALIGN (0x8)
 *fill*         0x200001e4        0x4 
                [!provide]                        PROVIDE (end = .)
                0x200001e8                        PROVIDE (_end = .)
                0x200003e8                        . = (. + _Min_Heap_Size)
 *fill*         0x200001e8      0x200 
                0x200007e8                        . = (. + _Min_Stack_Size)
 *fill*         0x200003e8      0x400 
                0x200007e8                        . = ALIGN (0x8)

/DISCARD/
 libc.a(*)
 libm.a(*)
 libgcc.a(*)

.ARM.attributes
                0x00000000       0x29
 *(.ARM.attributes)
 .ARM.attributes
                0x00000000       0x1d C:/ST/STM32CubeCLT_1.16.0/GNU-tools-for-STM32/bin/../lib/gcc/arm-none-eabi/12.3.1/thumb/v7-m/nofp/crti.o
 .ARM.attributes
                0x0000001d       0x2d C:/ST/STM32CubeCLT_1.16.0/GNU-tools-for-STM32/bin/../lib/gcc/arm-none-eabi/12.3.1/thumb/v7-m/nofp/crtbegin.o
 .ARM.attributes
                0x0000004a       0x2d C:/ST/STM32CubeCLT_1.16.0/GNU-tools-for-STM32/bin/../lib/gcc/arm-none-eabi/12.3.1/../../../../arm-none-eabi/lib/thumb/v7-m/nofp\libc_nano.a(libc_a-memset.o)
 .ARM.attributes
                0x00000077       0x2d C:/ST/STM32CubeCLT_1.16.0/GNU-tools-for-STM32/bin/../lib/gcc/arm-none-eabi/12.3.1/../../../../arm-none-eabi/lib/thumb/v7-m/nofp\libc_nano.a(libc_a-init.o)
 .ARM.attributes
                0x000000a4       0x2d CMakeFiles/EIM_devboard.dir/Core/Src/main.c.obj
 .ARM.attributes
                0x000000d1       0x2d CMakeFiles/EIM_devboard.dir/Core/Src/gpio.c.obj
 .ARM.attributes
                0x000000fe       0x2d CMakeFiles/EIM_devboard.dir/Core/Src/adc.c.obj
 .ARM.attributes
                0x0000012b       0x2d CMakeFiles/EIM_devboard.dir/Core/Src/can.c.obj
 .ARM.attributes
                0x00000158       0x2d CMakeFiles/EIM_devboard.dir/Core/Src/i2c.c.obj
 .ARM.attributes
                0x00000185       0x2d CMakeFiles/EIM_devboard.dir/Core/Src/spi.c.obj
 .ARM.attributes
                0x000001b2       0x2d CMakeFiles/EIM_devboard.dir/Core/Src/usart.c.obj
 .ARM.attributes
                0x000001df       0x2d CMakeFiles/EIM_devboard.dir/Core/Src/stm32f1xx_it.c.obj
 .ARM.attributes
                0x0000020c       0x2d CMakeFiles/EIM_devboard.dir/Core/Src/stm32f1xx_hal_msp.c.obj
 .ARM.attributes
                0x00000239       0x2d CMakeFiles/EIM_devboard.dir/Drivers/STM32F1xx_HAL_Driver/Src/stm32f1xx_hal_adc.c.obj
 .ARM.attributes
                0x00000266       0x2d CMakeFiles/EIM_devboard.dir/Drivers/STM32F1xx_HAL_Driver/Src/stm32f1xx_hal.c.obj
 .ARM.attributes
                0x00000293       0x2d CMakeFiles/EIM_devboard.dir/Drivers/STM32F1xx_HAL_Driver/Src/stm32f1xx_hal_rcc.c.obj
 .ARM.attributes
                0x000002c0       0x2d CMakeFiles/EIM_devboard.dir/Drivers/STM32F1xx_HAL_Driver/Src/stm32f1xx_hal_rcc_ex.c.obj
 .ARM.attributes
                0x000002ed       0x2d CMakeFiles/EIM_devboard.dir/Drivers/STM32F1xx_HAL_Driver/Src/stm32f1xx_hal_gpio.c.obj
 .ARM.attributes
                0x0000031a       0x2d CMakeFiles/EIM_devboard.dir/Drivers/STM32F1xx_HAL_Driver/Src/stm32f1xx_hal_cortex.c.obj
 .ARM.attributes
                0x00000347       0x2d CMakeFiles/EIM_devboard.dir/Drivers/STM32F1xx_HAL_Driver/Src/stm32f1xx_hal_can.c.obj
 .ARM.attributes
                0x00000374       0x2d CMakeFiles/EIM_devboard.dir/Drivers/STM32F1xx_HAL_Driver/Src/stm32f1xx_hal_i2c.c.obj
 .ARM.attributes
                0x000003a1       0x2d CMakeFiles/EIM_devboard.dir/Drivers/STM32F1xx_HAL_Driver/Src/stm32f1xx_hal_spi.c.obj
 .ARM.attributes
                0x000003ce       0x2d CMakeFiles/EIM_devboard.dir/Drivers/STM32F1xx_HAL_Driver/Src/stm32f1xx_hal_uart.c.obj
 .ARM.attributes
                0x000003fb       0x2d CMakeFiles/EIM_devboard.dir/Core/Src/system_stm32f1xx.c.obj
 .ARM.attributes
                0x00000428       0x21 CMakeFiles/EIM_devboard.dir/startup_stm32f103xb.s.obj
 .ARM.attributes
                0x00000449       0x1d C:/ST/STM32CubeCLT_1.16.0/GNU-tools-for-STM32/bin/../lib/gcc/arm-none-eabi/12.3.1/thumb/v7-m/nofp/crtn.o
OUTPUT(EIM_devboard.elf elf32-littlearm)
LOAD linker stubs
LOAD C:/ST/STM32CubeCLT_1.16.0/GNU-tools-for-STM32/bin/../lib/gcc/arm-none-eabi/12.3.1/../../../../arm-none-eabi/lib/thumb/v7-m/nofp\libc.a
LOAD C:/ST/STM32CubeCLT_1.16.0/GNU-tools-for-STM32/bin/../lib/gcc/arm-none-eabi/12.3.1/../../../../arm-none-eabi/lib/thumb/v7-m/nofp\libm.a
LOAD C:/ST/STM32CubeCLT_1.16.0/GNU-tools-for-STM32/bin/../lib/gcc/arm-none-eabi/12.3.1/thumb/v7-m/nofp\libgcc.a

.debug_frame    0x00000000     0x37d8
 .debug_frame   0x00000000       0x20 C:/ST/STM32CubeCLT_1.16.0/GNU-tools-for-STM32/bin/../lib/gcc/arm-none-eabi/12.3.1/../../../../arm-none-eabi/lib/thumb/v7-m/nofp\libc_nano.a(libc_a-memset.o)
 .debug_frame   0x00000020       0x2c C:/ST/STM32CubeCLT_1.16.0/GNU-tools-for-STM32/bin/../lib/gcc/arm-none-eabi/12.3.1/../../../../arm-none-eabi/lib/thumb/v7-m/nofp\libc_nano.a(libc_a-init.o)
 .debug_frame   0x0000004c       0x68 CMakeFiles/EIM_devboard.dir/Core/Src/main.c.obj
 .debug_frame   0x000000b4       0x34 CMakeFiles/EIM_devboard.dir/Core/Src/gpio.c.obj
 .debug_frame   0x000000e8       0x7c CMakeFiles/EIM_devboard.dir/Core/Src/adc.c.obj
 .debug_frame   0x00000164       0x74 CMakeFiles/EIM_devboard.dir/Core/Src/can.c.obj
 .debug_frame   0x000001d8       0x74 CMakeFiles/EIM_devboard.dir/Core/Src/i2c.c.obj
 .debug_frame   0x0000024c       0x74 CMakeFiles/EIM_devboard.dir/Core/Src/spi.c.obj
 .debug_frame   0x000002c0       0x90 CMakeFiles/EIM_devboard.dir/Core/Src/usart.c.obj
 .debug_frame   0x00000350      0x120 CMakeFiles/EIM_devboard.dir/Core/Src/stm32f1xx_it.c.obj
 .debug_frame   0x00000470       0x38 CMakeFiles/EIM_devboard.dir/Core/Src/stm32f1xx_hal_msp.c.obj
 .debug_frame   0x000004a8      0x40c CMakeFiles/EIM_devboard.dir/Drivers/STM32F1xx_HAL_Driver/Src/stm32f1xx_hal_adc.c.obj
 .debug_frame   0x000008b4      0x334 CMakeFiles/EIM_devboard.dir/Drivers/STM32F1xx_HAL_Driver/Src/stm32f1xx_hal.c.obj
 .debug_frame   0x00000be8      0x218 CMakeFiles/EIM_devboard.dir/Drivers/STM32F1xx_HAL_Driver/Src/stm32f1xx_hal_rcc.c.obj
 .debug_frame   0x00000e00       0x80 CMakeFiles/EIM_devboard.dir/Drivers/STM32F1xx_HAL_Driver/Src/stm32f1xx_hal_rcc_ex.c.obj
 .debug_frame   0x00000e80      0x14c CMakeFiles/EIM_devboard.dir/Drivers/STM32F1xx_HAL_Driver/Src/stm32f1xx_hal_gpio.c.obj
 .debug_frame   0x00000fcc      0x428 CMakeFiles/EIM_devboard.dir/Drivers/STM32F1xx_HAL_Driver/Src/stm32f1xx_hal_cortex.c.obj
 .debug_frame   0x000013f4      0x5a0 CMakeFiles/EIM_devboard.dir/Drivers/STM32F1xx_HAL_Driver/Src/stm32f1xx_hal_can.c.obj
 .debug_frame   0x00001994      0xc84 CMakeFiles/EIM_devboard.dir/Drivers/STM32F1xx_HAL_Driver/Src/stm32f1xx_hal_i2c.c.obj
 .debug_frame   0x00002618      0x824 CMakeFiles/EIM_devboard.dir/Drivers/STM32F1xx_HAL_Driver/Src/stm32f1xx_hal_spi.c.obj
 .debug_frame   0x00002e3c      0x944 CMakeFiles/EIM_devboard.dir/Drivers/STM32F1xx_HAL_Driver/Src/stm32f1xx_hal_uart.c.obj
 .debug_frame   0x00003780       0x58 CMakeFiles/EIM_devboard.dir/Core/Src/system_stm32f1xx.c.obj

.debug_info     0x00000000     0xe0c1
 .debug_info    0x00000000      0x8cb CMakeFiles/EIM_devboard.dir/Core/Src/main.c.obj
 .debug_info    0x000008cb      0x44e CMakeFiles/EIM_devboard.dir/Core/Src/gpio.c.obj
 .debug_info    0x00000d19      0x7b8 CMakeFiles/EIM_devboard.dir/Core/Src/adc.c.obj
 .debug_info    0x000014d1      0x6db CMakeFiles/EIM_devboard.dir/Core/Src/can.c.obj
 .debug_info    0x00001bac      0x7e3 CMakeFiles/EIM_devboard.dir/Core/Src/i2c.c.obj
 .debug_info    0x0000238f      0x7b2 CMakeFiles/EIM_devboard.dir/Core/Src/spi.c.obj
 .debug_info    0x00002b41      0x7f0 CMakeFiles/EIM_devboard.dir/Core/Src/usart.c.obj
 .debug_info    0x00003331      0x14b CMakeFiles/EIM_devboard.dir/Core/Src/stm32f1xx_it.c.obj
 .debug_info    0x0000347c      0x1f1 CMakeFiles/EIM_devboard.dir/Core/Src/stm32f1xx_hal_msp.c.obj
 .debug_info    0x0000366d      0xc50 CMakeFiles/EIM_devboard.dir/Drivers/STM32F1xx_HAL_Driver/Src/stm32f1xx_hal_adc.c.obj
 .debug_info    0x000042bd      0x704 CMakeFiles/EIM_devboard.dir/Drivers/STM32F1xx_HAL_Driver/Src/stm32f1xx_hal.c.obj
 .debug_info    0x000049c1      0x7d5 CMakeFiles/EIM_devboard.dir/Drivers/STM32F1xx_HAL_Driver/Src/stm32f1xx_hal_rcc.c.obj
 .debug_info    0x00005196      0x3c0 CMakeFiles/EIM_devboard.dir/Drivers/STM32F1xx_HAL_Driver/Src/stm32f1xx_hal_rcc_ex.c.obj
 .debug_info    0x00005556      0x5ab CMakeFiles/EIM_devboard.dir/Drivers/STM32F1xx_HAL_Driver/Src/stm32f1xx_hal_gpio.c.obj
 .debug_info    0x00005b01      0xa87 CMakeFiles/EIM_devboard.dir/Drivers/STM32F1xx_HAL_Driver/Src/stm32f1xx_hal_cortex.c.obj
 .debug_info    0x00006588      0xf27 CMakeFiles/EIM_devboard.dir/Drivers/STM32F1xx_HAL_Driver/Src/stm32f1xx_hal_can.c.obj
 .debug_info    0x000074af     0x2515 CMakeFiles/EIM_devboard.dir/Drivers/STM32F1xx_HAL_Driver/Src/stm32f1xx_hal_i2c.c.obj
 .debug_info    0x000099c4     0x1503 CMakeFiles/EIM_devboard.dir/Drivers/STM32F1xx_HAL_Driver/Src/stm32f1xx_hal_spi.c.obj
 .debug_info    0x0000aec7     0x2fa8 CMakeFiles/EIM_devboard.dir/Drivers/STM32F1xx_HAL_Driver/Src/stm32f1xx_hal_uart.c.obj
 .debug_info    0x0000de6f      0x222 CMakeFiles/EIM_devboard.dir/Core/Src/system_stm32f1xx.c.obj
 .debug_info    0x0000e091       0x30 CMakeFiles/EIM_devboard.dir/startup_stm32f103xb.s.obj

.debug_abbrev   0x00000000     0x27cb
 .debug_abbrev  0x00000000      0x26e CMakeFiles/EIM_devboard.dir/Core/Src/main.c.obj
 .debug_abbrev  0x0000026e      0x161 CMakeFiles/EIM_devboard.dir/Core/Src/gpio.c.obj
 .debug_abbrev  0x000003cf      0x1e1 CMakeFiles/EIM_devboard.dir/Core/Src/adc.c.obj
 .debug_abbrev  0x000005b0      0x224 CMakeFiles/EIM_devboard.dir/Core/Src/can.c.obj
 .debug_abbrev  0x000007d4      0x1de CMakeFiles/EIM_devboard.dir/Core/Src/i2c.c.obj
 .debug_abbrev  0x000009b2      0x1e0 CMakeFiles/EIM_devboard.dir/Core/Src/spi.c.obj
 .debug_abbrev  0x00000b92      0x1ec CMakeFiles/EIM_devboard.dir/Core/Src/usart.c.obj
 .debug_abbrev  0x00000d7e       0xa0 CMakeFiles/EIM_devboard.dir/Core/Src/stm32f1xx_it.c.obj
 .debug_abbrev  0x00000e1e       0xdb CMakeFiles/EIM_devboard.dir/Core/Src/stm32f1xx_hal_msp.c.obj
 .debug_abbrev  0x00000ef9      0x225 CMakeFiles/EIM_devboard.dir/Drivers/STM32F1xx_HAL_Driver/Src/stm32f1xx_hal_adc.c.obj
 .debug_abbrev  0x0000111e      0x201 CMakeFiles/EIM_devboard.dir/Drivers/STM32F1xx_HAL_Driver/Src/stm32f1xx_hal.c.obj
 .debug_abbrev  0x0000131f      0x2b3 CMakeFiles/EIM_devboard.dir/Drivers/STM32F1xx_HAL_Driver/Src/stm32f1xx_hal_rcc.c.obj
 .debug_abbrev  0x000015d2      0x188 CMakeFiles/EIM_devboard.dir/Drivers/STM32F1xx_HAL_Driver/Src/stm32f1xx_hal_rcc_ex.c.obj
 .debug_abbrev  0x0000175a      0x1ca CMakeFiles/EIM_devboard.dir/Drivers/STM32F1xx_HAL_Driver/Src/stm32f1xx_hal_gpio.c.obj
 .debug_abbrev  0x00001924      0x2f8 CMakeFiles/EIM_devboard.dir/Drivers/STM32F1xx_HAL_Driver/Src/stm32f1xx_hal_cortex.c.obj
 .debug_abbrev  0x00001c1c      0x22d CMakeFiles/EIM_devboard.dir/Drivers/STM32F1xx_HAL_Driver/Src/stm32f1xx_hal_can.c.obj
 .debug_abbrev  0x00001e49      0x2a3 CMakeFiles/EIM_devboard.dir/Drivers/STM32F1xx_HAL_Driver/Src/stm32f1xx_hal_i2c.c.obj
 .debug_abbrev  0x000020ec      0x284 CMakeFiles/EIM_devboard.dir/Drivers/STM32F1xx_HAL_Driver/Src/stm32f1xx_hal_spi.c.obj
 .debug_abbrev  0x00002370      0x2f8 CMakeFiles/EIM_devboard.dir/Drivers/STM32F1xx_HAL_Driver/Src/stm32f1xx_hal_uart.c.obj
 .debug_abbrev  0x00002668      0x13f CMakeFiles/EIM_devboard.dir/Core/Src/system_stm32f1xx.c.obj
 .debug_abbrev  0x000027a7       0x24 CMakeFiles/EIM_devboard.dir/startup_stm32f103xb.s.obj

.debug_aranges  0x00000000      0xdc0
 .debug_aranges
                0x00000000       0x30 CMakeFiles/EIM_devboard.dir/Core/Src/main.c.obj
 .debug_aranges
                0x00000030       0x20 CMakeFiles/EIM_devboard.dir/Core/Src/gpio.c.obj
 .debug_aranges
                0x00000050       0x30 CMakeFiles/EIM_devboard.dir/Core/Src/adc.c.obj
 .debug_aranges
                0x00000080       0x30 CMakeFiles/EIM_devboard.dir/Core/Src/can.c.obj
 .debug_aranges
                0x000000b0       0x30 CMakeFiles/EIM_devboard.dir/Core/Src/i2c.c.obj
 .debug_aranges
                0x000000e0       0x30 CMakeFiles/EIM_devboard.dir/Core/Src/spi.c.obj
 .debug_aranges
                0x00000110       0x38 CMakeFiles/EIM_devboard.dir/Core/Src/usart.c.obj
 .debug_aranges
                0x00000148       0x68 CMakeFiles/EIM_devboard.dir/Core/Src/stm32f1xx_it.c.obj
 .debug_aranges
                0x000001b0       0x20 CMakeFiles/EIM_devboard.dir/Core/Src/stm32f1xx_hal_msp.c.obj
 .debug_aranges
                0x000001d0       0xf0 CMakeFiles/EIM_devboard.dir/Drivers/STM32F1xx_HAL_Driver/Src/stm32f1xx_hal_adc.c.obj
 .debug_aranges
                0x000002c0       0xe0 CMakeFiles/EIM_devboard.dir/Drivers/STM32F1xx_HAL_Driver/Src/stm32f1xx_hal.c.obj
 .debug_aranges
                0x000003a0       0x90 CMakeFiles/EIM_devboard.dir/Drivers/STM32F1xx_HAL_Driver/Src/stm32f1xx_hal_rcc.c.obj
 .debug_aranges
                0x00000430       0x30 CMakeFiles/EIM_devboard.dir/Drivers/STM32F1xx_HAL_Driver/Src/stm32f1xx_hal_rcc_ex.c.obj
 .debug_aranges
                0x00000460       0x58 CMakeFiles/EIM_devboard.dir/Drivers/STM32F1xx_HAL_Driver/Src/stm32f1xx_hal_gpio.c.obj
 .debug_aranges
                0x000004b8      0x100 CMakeFiles/EIM_devboard.dir/Drivers/STM32F1xx_HAL_Driver/Src/stm32f1xx_hal_cortex.c.obj
 .debug_aranges
                0x000005b8      0x138 CMakeFiles/EIM_devboard.dir/Drivers/STM32F1xx_HAL_Driver/Src/stm32f1xx_hal_can.c.obj
 .debug_aranges
                0x000006f0      0x2a8 CMakeFiles/EIM_devboard.dir/Drivers/STM32F1xx_HAL_Driver/Src/stm32f1xx_hal_i2c.c.obj
 .debug_aranges
                0x00000998      0x1d0 CMakeFiles/EIM_devboard.dir/Drivers/STM32F1xx_HAL_Driver/Src/stm32f1xx_hal_spi.c.obj
 .debug_aranges
                0x00000b68      0x208 CMakeFiles/EIM_devboard.dir/Drivers/STM32F1xx_HAL_Driver/Src/stm32f1xx_hal_uart.c.obj
 .debug_aranges
                0x00000d70       0x28 CMakeFiles/EIM_devboard.dir/Core/Src/system_stm32f1xx.c.obj
 .debug_aranges
                0x00000d98       0x28 CMakeFiles/EIM_devboard.dir/startup_stm32f103xb.s.obj

.debug_rnglists
                0x00000000      0xaa2
 .debug_rnglists
                0x00000000       0x21 CMakeFiles/EIM_devboard.dir/Core/Src/main.c.obj
 .debug_rnglists
                0x00000021       0x14 CMakeFiles/EIM_devboard.dir/Core/Src/gpio.c.obj
 .debug_rnglists
                0x00000035       0x1f CMakeFiles/EIM_devboard.dir/Core/Src/adc.c.obj
 .debug_rnglists
                0x00000054       0x20 CMakeFiles/EIM_devboard.dir/Core/Src/can.c.obj
 .debug_rnglists
                0x00000074       0x1f CMakeFiles/EIM_devboard.dir/Core/Src/i2c.c.obj
 .debug_rnglists
                0x00000093       0x20 CMakeFiles/EIM_devboard.dir/Core/Src/spi.c.obj
 .debug_rnglists
                0x000000b3       0x26 CMakeFiles/EIM_devboard.dir/Core/Src/usart.c.obj
 .debug_rnglists
                0x000000d9       0x49 CMakeFiles/EIM_devboard.dir/Core/Src/stm32f1xx_it.c.obj
 .debug_rnglists
                0x00000122       0x13 CMakeFiles/EIM_devboard.dir/Core/Src/stm32f1xx_hal_msp.c.obj
 .debug_rnglists
                0x00000135       0xbc CMakeFiles/EIM_devboard.dir/Drivers/STM32F1xx_HAL_Driver/Src/stm32f1xx_hal_adc.c.obj
 .debug_rnglists
                0x000001f1       0xa3 CMakeFiles/EIM_devboard.dir/Drivers/STM32F1xx_HAL_Driver/Src/stm32f1xx_hal.c.obj
 .debug_rnglists
                0x00000294       0x6c CMakeFiles/EIM_devboard.dir/Drivers/STM32F1xx_HAL_Driver/Src/stm32f1xx_hal_rcc.c.obj
 .debug_rnglists
                0x00000300       0x21 CMakeFiles/EIM_devboard.dir/Drivers/STM32F1xx_HAL_Driver/Src/stm32f1xx_hal_rcc_ex.c.obj
 .debug_rnglists
                0x00000321       0x3f CMakeFiles/EIM_devboard.dir/Drivers/STM32F1xx_HAL_Driver/Src/stm32f1xx_hal_gpio.c.obj
 .debug_rnglists
                0x00000360       0xbb CMakeFiles/EIM_devboard.dir/Drivers/STM32F1xx_HAL_Driver/Src/stm32f1xx_hal_cortex.c.obj
 .debug_rnglists
                0x0000041b       0xee CMakeFiles/EIM_devboard.dir/Drivers/STM32F1xx_HAL_Driver/Src/stm32f1xx_hal_can.c.obj
 .debug_rnglists
                0x00000509      0x23c CMakeFiles/EIM_devboard.dir/Drivers/STM32F1xx_HAL_Driver/Src/stm32f1xx_hal_i2c.c.obj
 .debug_rnglists
                0x00000745      0x16e CMakeFiles/EIM_devboard.dir/Drivers/STM32F1xx_HAL_Driver/Src/stm32f1xx_hal_spi.c.obj
 .debug_rnglists
                0x000008b3      0x1bc CMakeFiles/EIM_devboard.dir/Drivers/STM32F1xx_HAL_Driver/Src/stm32f1xx_hal_uart.c.obj
 .debug_rnglists
                0x00000a6f       0x1a CMakeFiles/EIM_devboard.dir/Core/Src/system_stm32f1xx.c.obj
 .debug_rnglists
                0x00000a89       0x19 CMakeFiles/EIM_devboard.dir/startup_stm32f103xb.s.obj

.debug_macro    0x00000000    0x1846d
 .debug_macro   0x00000000      0x20f CMakeFiles/EIM_devboard.dir/Core/Src/main.c.obj
 .debug_macro   0x0000020f      0xaa8 CMakeFiles/EIM_devboard.dir/Core/Src/main.c.obj
 .debug_macro   0x00000cb7      0x22d CMakeFiles/EIM_devboard.dir/Core/Src/main.c.obj
 .debug_macro   0x00000ee4       0x2e CMakeFiles/EIM_devboard.dir/Core/Src/main.c.obj
 .debug_macro   0x00000f12       0x22 CMakeFiles/EIM_devboard.dir/Core/Src/main.c.obj
 .debug_macro   0x00000f34       0x22 CMakeFiles/EIM_devboard.dir/Core/Src/main.c.obj
 .debug_macro   0x00000f56       0x8e CMakeFiles/EIM_devboard.dir/Core/Src/main.c.obj
 .debug_macro   0x00000fe4       0x51 CMakeFiles/EIM_devboard.dir/Core/Src/main.c.obj
 .debug_macro   0x00001035      0x103 CMakeFiles/EIM_devboard.dir/Core/Src/main.c.obj
 .debug_macro   0x00001138       0x6a CMakeFiles/EIM_devboard.dir/Core/Src/main.c.obj
 .debug_macro   0x000011a2      0x1df CMakeFiles/EIM_devboard.dir/Core/Src/main.c.obj
 .debug_macro   0x00001381       0x1c CMakeFiles/EIM_devboard.dir/Core/Src/main.c.obj
 .debug_macro   0x0000139d       0x22 CMakeFiles/EIM_devboard.dir/Core/Src/main.c.obj
 .debug_macro   0x000013bf       0xbd CMakeFiles/EIM_devboard.dir/Core/Src/main.c.obj
 .debug_macro   0x0000147c      0xd23 CMakeFiles/EIM_devboard.dir/Core/Src/main.c.obj
 .debug_macro   0x0000219f     0xe09e CMakeFiles/EIM_devboard.dir/Core/Src/main.c.obj
 .debug_macro   0x0001023d       0x6d CMakeFiles/EIM_devboard.dir/Core/Src/main.c.obj
 .debug_macro   0x000102aa     0x348d CMakeFiles/EIM_devboard.dir/Core/Src/main.c.obj
 .debug_macro   0x00013737      0x189 CMakeFiles/EIM_devboard.dir/Core/Src/main.c.obj
 .debug_macro   0x000138c0       0x5c CMakeFiles/EIM_devboard.dir/Core/Src/main.c.obj
 .debug_macro   0x0001391c      0x5bc CMakeFiles/EIM_devboard.dir/Core/Src/main.c.obj
 .debug_macro   0x00013ed8      0x289 CMakeFiles/EIM_devboard.dir/Core/Src/main.c.obj
 .debug_macro   0x00014161      0x1cb CMakeFiles/EIM_devboard.dir/Core/Src/main.c.obj
 .debug_macro   0x0001432c      0x114 CMakeFiles/EIM_devboard.dir/Core/Src/main.c.obj
 .debug_macro   0x00014440      0x1b2 CMakeFiles/EIM_devboard.dir/Core/Src/main.c.obj
 .debug_macro   0x000145f2       0x27 CMakeFiles/EIM_devboard.dir/Core/Src/main.c.obj
 .debug_macro   0x00014619      0x136 CMakeFiles/EIM_devboard.dir/Core/Src/main.c.obj
 .debug_macro   0x0001474f      0x1bc CMakeFiles/EIM_devboard.dir/Core/Src/main.c.obj
 .debug_macro   0x0001490b       0x34 CMakeFiles/EIM_devboard.dir/Core/Src/main.c.obj
 .debug_macro   0x0001493f       0x3c CMakeFiles/EIM_devboard.dir/Core/Src/main.c.obj
 .debug_macro   0x0001497b      0x408 CMakeFiles/EIM_devboard.dir/Core/Src/main.c.obj
 .debug_macro   0x00014d83       0x57 CMakeFiles/EIM_devboard.dir/Core/Src/main.c.obj
 .debug_macro   0x00014dda      0x46a CMakeFiles/EIM_devboard.dir/Core/Src/main.c.obj
 .debug_macro   0x00015244      0x1b5 CMakeFiles/EIM_devboard.dir/Core/Src/main.c.obj
 .debug_macro   0x000153f9       0x87 CMakeFiles/EIM_devboard.dir/Core/Src/main.c.obj
 .debug_macro   0x00015480      0x240 CMakeFiles/EIM_devboard.dir/Core/Src/main.c.obj
 .debug_macro   0x000156c0      0x287 CMakeFiles/EIM_devboard.dir/Core/Src/main.c.obj
 .debug_macro   0x00015947      0x140 CMakeFiles/EIM_devboard.dir/Core/Src/main.c.obj
 .debug_macro   0x00015a87      0x217 CMakeFiles/EIM_devboard.dir/Core/Src/main.c.obj
 .debug_macro   0x00015c9e      0x28e CMakeFiles/EIM_devboard.dir/Core/Src/main.c.obj
 .debug_macro   0x00015f2c       0x83 CMakeFiles/EIM_devboard.dir/Core/Src/main.c.obj
 .debug_macro   0x00015faf      0x1a3 CMakeFiles/EIM_devboard.dir/Core/Src/main.c.obj
 .debug_macro   0x00016152      0x1d9 CMakeFiles/EIM_devboard.dir/Core/Src/gpio.c.obj
 .debug_macro   0x0001632b      0x1d9 CMakeFiles/EIM_devboard.dir/Core/Src/adc.c.obj
 .debug_macro   0x00016504      0x1d9 CMakeFiles/EIM_devboard.dir/Core/Src/can.c.obj
 .debug_macro   0x000166dd      0x1d9 CMakeFiles/EIM_devboard.dir/Core/Src/i2c.c.obj
 .debug_macro   0x000168b6      0x1d9 CMakeFiles/EIM_devboard.dir/Core/Src/spi.c.obj
 .debug_macro   0x00016a8f      0x1d9 CMakeFiles/EIM_devboard.dir/Core/Src/usart.c.obj
 .debug_macro   0x00016c68      0x1d9 CMakeFiles/EIM_devboard.dir/Core/Src/stm32f1xx_it.c.obj
 .debug_macro   0x00016e41      0x1cf CMakeFiles/EIM_devboard.dir/Core/Src/stm32f1xx_hal_msp.c.obj
 .debug_macro   0x00017010      0x1dd CMakeFiles/EIM_devboard.dir/Drivers/STM32F1xx_HAL_Driver/Src/stm32f1xx_hal_adc.c.obj
 .debug_macro   0x000171ed      0x1e4 CMakeFiles/EIM_devboard.dir/Drivers/STM32F1xx_HAL_Driver/Src/stm32f1xx_hal.c.obj
 .debug_macro   0x000173d1      0x1d2 CMakeFiles/EIM_devboard.dir/Drivers/STM32F1xx_HAL_Driver/Src/stm32f1xx_hal_rcc.c.obj
 .debug_macro   0x000175a3      0x1c0 CMakeFiles/EIM_devboard.dir/Drivers/STM32F1xx_HAL_Driver/Src/stm32f1xx_hal_rcc_ex.c.obj
 .debug_macro   0x00017763      0x22b CMakeFiles/EIM_devboard.dir/Drivers/STM32F1xx_HAL_Driver/Src/stm32f1xx_hal_gpio.c.obj
 .debug_macro   0x0001798e      0x1c0 CMakeFiles/EIM_devboard.dir/Drivers/STM32F1xx_HAL_Driver/Src/stm32f1xx_hal_cortex.c.obj
 .debug_macro   0x00017b4e      0x1c8 CMakeFiles/EIM_devboard.dir/Drivers/STM32F1xx_HAL_Driver/Src/stm32f1xx_hal_can.c.obj
 .debug_macro   0x00017d16      0x20e CMakeFiles/EIM_devboard.dir/Drivers/STM32F1xx_HAL_Driver/Src/stm32f1xx_hal_i2c.c.obj
 .debug_macro   0x00017f24      0x1c8 CMakeFiles/EIM_devboard.dir/Drivers/STM32F1xx_HAL_Driver/Src/stm32f1xx_hal_spi.c.obj
 .debug_macro   0x000180ec      0x1c1 CMakeFiles/EIM_devboard.dir/Drivers/STM32F1xx_HAL_Driver/Src/stm32f1xx_hal_uart.c.obj
 .debug_macro   0x000182ad      0x1c0 CMakeFiles/EIM_devboard.dir/Core/Src/system_stm32f1xx.c.obj

.debug_line     0x00000000    0x12e20
 .debug_line    0x00000000      0x84f CMakeFiles/EIM_devboard.dir/Core/Src/main.c.obj
 .debug_line    0x0000084f      0x7d1 CMakeFiles/EIM_devboard.dir/Core/Src/gpio.c.obj
 .debug_line    0x00001020      0x7e5 CMakeFiles/EIM_devboard.dir/Core/Src/adc.c.obj
 .debug_line    0x00001805      0x7e9 CMakeFiles/EIM_devboard.dir/Core/Src/can.c.obj
 .debug_line    0x00001fee      0x7db CMakeFiles/EIM_devboard.dir/Core/Src/i2c.c.obj
 .debug_line    0x000027c9      0x7ed CMakeFiles/EIM_devboard.dir/Core/Src/spi.c.obj
 .debug_line    0x00002fb6      0x84b CMakeFiles/EIM_devboard.dir/Core/Src/usart.c.obj
 .debug_line    0x00003801      0x850 CMakeFiles/EIM_devboard.dir/Core/Src/stm32f1xx_it.c.obj
 .debug_line    0x00004051      0x777 CMakeFiles/EIM_devboard.dir/Core/Src/stm32f1xx_hal_msp.c.obj
 .debug_line    0x000047c8     0x109e CMakeFiles/EIM_devboard.dir/Drivers/STM32F1xx_HAL_Driver/Src/stm32f1xx_hal_adc.c.obj
 .debug_line    0x00005866      0xa21 CMakeFiles/EIM_devboard.dir/Drivers/STM32F1xx_HAL_Driver/Src/stm32f1xx_hal.c.obj
 .debug_line    0x00006287      0xe2a CMakeFiles/EIM_devboard.dir/Drivers/STM32F1xx_HAL_Driver/Src/stm32f1xx_hal_rcc.c.obj
 .debug_line    0x000070b1      0x96b CMakeFiles/EIM_devboard.dir/Drivers/STM32F1xx_HAL_Driver/Src/stm32f1xx_hal_rcc_ex.c.obj
 .debug_line    0x00007a1c      0xaba CMakeFiles/EIM_devboard.dir/Drivers/STM32F1xx_HAL_Driver/Src/stm32f1xx_hal_gpio.c.obj
 .debug_line    0x000084d6      0xc0d CMakeFiles/EIM_devboard.dir/Drivers/STM32F1xx_HAL_Driver/Src/stm32f1xx_hal_cortex.c.obj
 .debug_line    0x000090e3     0x1206 CMakeFiles/EIM_devboard.dir/Drivers/STM32F1xx_HAL_Driver/Src/stm32f1xx_hal_can.c.obj
 .debug_line    0x0000a2e9     0x3c8e CMakeFiles/EIM_devboard.dir/Drivers/STM32F1xx_HAL_Driver/Src/stm32f1xx_hal_i2c.c.obj
 .debug_line    0x0000df77     0x1cd3 CMakeFiles/EIM_devboard.dir/Drivers/STM32F1xx_HAL_Driver/Src/stm32f1xx_hal_spi.c.obj
 .debug_line    0x0000fc4a     0x296a CMakeFiles/EIM_devboard.dir/Drivers/STM32F1xx_HAL_Driver/Src/stm32f1xx_hal_uart.c.obj
 .debug_line    0x000125b4      0x7f4 CMakeFiles/EIM_devboard.dir/Core/Src/system_stm32f1xx.c.obj
 .debug_line    0x00012da8       0x78 CMakeFiles/EIM_devboard.dir/startup_stm32f103xb.s.obj

.debug_str      0x00000000    0x8a8c3
 .debug_str     0x00000000    0x86a70 CMakeFiles/EIM_devboard.dir/Core/Src/main.c.obj
                              0x86df0 (size before relaxing)
 .debug_str     0x00086a70      0x383 CMakeFiles/EIM_devboard.dir/Core/Src/gpio.c.obj
                              0x86baf (size before relaxing)
 .debug_str     0x00086df3      0x350 CMakeFiles/EIM_devboard.dir/Core/Src/adc.c.obj
                              0x86c4d (size before relaxing)
 .debug_str     0x00087143       0x83 CMakeFiles/EIM_devboard.dir/Core/Src/can.c.obj
                              0x86b92 (size before relaxing)
 .debug_str     0x000871c6      0x2bd CMakeFiles/EIM_devboard.dir/Core/Src/i2c.c.obj
                              0x86d62 (size before relaxing)
 .debug_str     0x00087483      0x233 CMakeFiles/EIM_devboard.dir/Core/Src/spi.c.obj
                              0x86cb9 (size before relaxing)
 .debug_str     0x000876b6      0x223 CMakeFiles/EIM_devboard.dir/Core/Src/usart.c.obj
                              0x86d0b (size before relaxing)
 .debug_str     0x000878d9      0x12f CMakeFiles/EIM_devboard.dir/Core/Src/stm32f1xx_it.c.obj
                              0x86887 (size before relaxing)
 .debug_str     0x00087a08       0x88 CMakeFiles/EIM_devboard.dir/Core/Src/stm32f1xx_hal_msp.c.obj
                              0x86830 (size before relaxing)
 .debug_str     0x00087a90      0x3ec CMakeFiles/EIM_devboard.dir/Drivers/STM32F1xx_HAL_Driver/Src/stm32f1xx_hal_adc.c.obj
                              0x868f3 (size before relaxing)
 .debug_str     0x00087e7c      0x3a6 CMakeFiles/EIM_devboard.dir/Drivers/STM32F1xx_HAL_Driver/Src/stm32f1xx_hal.c.obj
                              0x86942 (size before relaxing)
 .debug_str     0x00088222      0x27d CMakeFiles/EIM_devboard.dir/Drivers/STM32F1xx_HAL_Driver/Src/stm32f1xx_hal_rcc.c.obj
                              0x8663e (size before relaxing)
 .debug_str     0x0008849f       0xbc CMakeFiles/EIM_devboard.dir/Drivers/STM32F1xx_HAL_Driver/Src/stm32f1xx_hal_rcc_ex.c.obj
                              0x8638e (size before relaxing)
 .debug_str     0x0008855b      0x2f2 CMakeFiles/EIM_devboard.dir/Drivers/STM32F1xx_HAL_Driver/Src/stm32f1xx_hal_gpio.c.obj
                              0x86595 (size before relaxing)
 .debug_str     0x0008884d      0x2b8 CMakeFiles/EIM_devboard.dir/Drivers/STM32F1xx_HAL_Driver/Src/stm32f1xx_hal_cortex.c.obj
                              0x8688e (size before relaxing)
 .debug_str     0x00088b05      0x542 CMakeFiles/EIM_devboard.dir/Drivers/STM32F1xx_HAL_Driver/Src/stm32f1xx_hal_can.c.obj
                              0x86a0f (size before relaxing)
 .debug_str     0x00089047      0xbdb CMakeFiles/EIM_devboard.dir/Drivers/STM32F1xx_HAL_Driver/Src/stm32f1xx_hal_i2c.c.obj
                              0x872d6 (size before relaxing)
 .debug_str     0x00089c22      0x554 CMakeFiles/EIM_devboard.dir/Drivers/STM32F1xx_HAL_Driver/Src/stm32f1xx_hal_spi.c.obj
                              0x86b3b (size before relaxing)
 .debug_str     0x0008a176      0x656 CMakeFiles/EIM_devboard.dir/Drivers/STM32F1xx_HAL_Driver/Src/stm32f1xx_hal_uart.c.obj
                              0x86caf (size before relaxing)
 .debug_str     0x0008a7cc       0x8a CMakeFiles/EIM_devboard.dir/Core/Src/system_stm32f1xx.c.obj
                              0x8620f (size before relaxing)
 .debug_str     0x0008a856       0x6d CMakeFiles/EIM_devboard.dir/startup_stm32f103xb.s.obj
                                 0xb4 (size before relaxing)

.comment        0x00000000       0x43
 .comment       0x00000000       0x43 CMakeFiles/EIM_devboard.dir/Core/Src/main.c.obj
                                 0x44 (size before relaxing)
 .comment       0x00000043       0x44 CMakeFiles/EIM_devboard.dir/Core/Src/gpio.c.obj
 .comment       0x00000043       0x44 CMakeFiles/EIM_devboard.dir/Core/Src/adc.c.obj
 .comment       0x00000043       0x44 CMakeFiles/EIM_devboard.dir/Core/Src/can.c.obj
 .comment       0x00000043       0x44 CMakeFiles/EIM_devboard.dir/Core/Src/i2c.c.obj
 .comment       0x00000043       0x44 CMakeFiles/EIM_devboard.dir/Core/Src/spi.c.obj
 .comment       0x00000043       0x44 CMakeFiles/EIM_devboard.dir/Core/Src/usart.c.obj
 .comment       0x00000043       0x44 CMakeFiles/EIM_devboard.dir/Core/Src/stm32f1xx_it.c.obj
 .comment       0x00000043       0x44 CMakeFiles/EIM_devboard.dir/Core/Src/stm32f1xx_hal_msp.c.obj
 .comment       0x00000043       0x44 CMakeFiles/EIM_devboard.dir/Drivers/STM32F1xx_HAL_Driver/Src/stm32f1xx_hal_adc.c.obj
 .comment       0x00000043       0x44 CMakeFiles/EIM_devboard.dir/Drivers/STM32F1xx_HAL_Driver/Src/stm32f1xx_hal.c.obj
 .comment       0x00000043       0x44 CMakeFiles/EIM_devboard.dir/Drivers/STM32F1xx_HAL_Driver/Src/stm32f1xx_hal_rcc.c.obj
 .comment       0x00000043       0x44 CMakeFiles/EIM_devboard.dir/Drivers/STM32F1xx_HAL_Driver/Src/stm32f1xx_hal_rcc_ex.c.obj
 .comment       0x00000043       0x44 CMakeFiles/EIM_devboard.dir/Drivers/STM32F1xx_HAL_Driver/Src/stm32f1xx_hal_gpio.c.obj
 .comment       0x00000043       0x44 CMakeFiles/EIM_devboard.dir/Drivers/STM32F1xx_HAL_Driver/Src/stm32f1xx_hal_cortex.c.obj
 .comment       0x00000043       0x44 CMakeFiles/EIM_devboard.dir/Drivers/STM32F1xx_HAL_Driver/Src/stm32f1xx_hal_can.c.obj
 .comment       0x00000043       0x44 CMakeFiles/EIM_devboard.dir/Drivers/STM32F1xx_HAL_Driver/Src/stm32f1xx_hal_i2c.c.obj
 .comment       0x00000043       0x44 CMakeFiles/EIM_devboard.dir/Drivers/STM32F1xx_HAL_Driver/Src/stm32f1xx_hal_spi.c.obj
 .comment       0x00000043       0x44 CMakeFiles/EIM_devboard.dir/Drivers/STM32F1xx_HAL_Driver/Src/stm32f1xx_hal_uart.c.obj
 .comment       0x00000043       0x44 CMakeFiles/EIM_devboard.dir/Core/Src/system_stm32f1xx.c.obj

.debug_line_str
                0x00000000       0x98
 .debug_line_str
                0x00000000       0x98 CMakeFiles/EIM_devboard.dir/startup_stm32f103xb.s.obj
