Archive member included to satisfy reference by file (symbol)

C:/ST/STM32CubeCLT_1.16.0/GNU-tools-for-STM32/bin/../lib/gcc/arm-none-eabi/12.3.1/../../../../arm-none-eabi/lib/thumb/v7-m/nofp\libc_nano.a(libc_a-exit.o)
                              C:/ST/STM32CubeCLT_1.16.0/GNU-tools-for-STM32/bin/../lib/gcc/arm-none-eabi/12.3.1/../../../../arm-none-eabi/lib/thumb/v7-m/nofp/crt0.o (exit)
C:/ST/STM32CubeCLT_1.16.0/GNU-tools-for-STM32/bin/../lib/gcc/arm-none-eabi/12.3.1/../../../../arm-none-eabi/lib/thumb/v7-m/nofp\libc_nano.a(libc_a-findfp.o)
                              C:/ST/STM32CubeCLT_1.16.0/GNU-tools-for-STM32/bin/../lib/gcc/arm-none-eabi/12.3.1/../../../../arm-none-eabi/lib/thumb/v7-m/nofp\libc_nano.a(libc_a-exit.o) (__stdio_exit_handler)
C:/ST/STM32CubeCLT_1.16.0/GNU-tools-for-STM32/bin/../lib/gcc/arm-none-eabi/12.3.1/../../../../arm-none-eabi/lib/thumb/v7-m/nofp\libc_nano.a(libc_a-fwalk.o)
                              C:/ST/STM32CubeCLT_1.16.0/GNU-tools-for-STM32/bin/../lib/gcc/arm-none-eabi/12.3.1/../../../../arm-none-eabi/lib/thumb/v7-m/nofp\libc_nano.a(libc_a-findfp.o) (_fwalk_sglue)
C:/ST/STM32CubeCLT_1.16.0/GNU-tools-for-STM32/bin/../lib/gcc/arm-none-eabi/12.3.1/../../../../arm-none-eabi/lib/thumb/v7-m/nofp\libc_nano.a(libc_a-stdio.o)
                              C:/ST/STM32CubeCLT_1.16.0/GNU-tools-for-STM32/bin/../lib/gcc/arm-none-eabi/12.3.1/../../../../arm-none-eabi/lib/thumb/v7-m/nofp\libc_nano.a(libc_a-findfp.o) (__sread)
C:/ST/STM32CubeCLT_1.16.0/GNU-tools-for-STM32/bin/../lib/gcc/arm-none-eabi/12.3.1/../../../../arm-none-eabi/lib/thumb/v7-m/nofp\libc_nano.a(libc_a-memset.o)
                              C:/ST/STM32CubeCLT_1.16.0/GNU-tools-for-STM32/bin/../lib/gcc/arm-none-eabi/12.3.1/../../../../arm-none-eabi/lib/thumb/v7-m/nofp/crt0.o (memset)
C:/ST/STM32CubeCLT_1.16.0/GNU-tools-for-STM32/bin/../lib/gcc/arm-none-eabi/12.3.1/../../../../arm-none-eabi/lib/thumb/v7-m/nofp\libc_nano.a(libc_a-closer.o)
                              C:/ST/STM32CubeCLT_1.16.0/GNU-tools-for-STM32/bin/../lib/gcc/arm-none-eabi/12.3.1/../../../../arm-none-eabi/lib/thumb/v7-m/nofp\libc_nano.a(libc_a-stdio.o) (_close_r)
C:/ST/STM32CubeCLT_1.16.0/GNU-tools-for-STM32/bin/../lib/gcc/arm-none-eabi/12.3.1/../../../../arm-none-eabi/lib/thumb/v7-m/nofp\libc_nano.a(libc_a-reent.o)
                              C:/ST/STM32CubeCLT_1.16.0/GNU-tools-for-STM32/bin/../lib/gcc/arm-none-eabi/12.3.1/../../../../arm-none-eabi/lib/thumb/v7-m/nofp\libc_nano.a(libc_a-closer.o) (errno)
C:/ST/STM32CubeCLT_1.16.0/GNU-tools-for-STM32/bin/../lib/gcc/arm-none-eabi/12.3.1/../../../../arm-none-eabi/lib/thumb/v7-m/nofp\libc_nano.a(libc_a-impure.o)
                              C:/ST/STM32CubeCLT_1.16.0/GNU-tools-for-STM32/bin/../lib/gcc/arm-none-eabi/12.3.1/../../../../arm-none-eabi/lib/thumb/v7-m/nofp\libc_nano.a(libc_a-reent.o) (_impure_ptr)
C:/ST/STM32CubeCLT_1.16.0/GNU-tools-for-STM32/bin/../lib/gcc/arm-none-eabi/12.3.1/../../../../arm-none-eabi/lib/thumb/v7-m/nofp\libc_nano.a(libc_a-lseekr.o)
                              C:/ST/STM32CubeCLT_1.16.0/GNU-tools-for-STM32/bin/../lib/gcc/arm-none-eabi/12.3.1/../../../../arm-none-eabi/lib/thumb/v7-m/nofp\libc_nano.a(libc_a-stdio.o) (_lseek_r)
C:/ST/STM32CubeCLT_1.16.0/GNU-tools-for-STM32/bin/../lib/gcc/arm-none-eabi/12.3.1/../../../../arm-none-eabi/lib/thumb/v7-m/nofp\libc_nano.a(libc_a-readr.o)
                              C:/ST/STM32CubeCLT_1.16.0/GNU-tools-for-STM32/bin/../lib/gcc/arm-none-eabi/12.3.1/../../../../arm-none-eabi/lib/thumb/v7-m/nofp\libc_nano.a(libc_a-stdio.o) (_read_r)
C:/ST/STM32CubeCLT_1.16.0/GNU-tools-for-STM32/bin/../lib/gcc/arm-none-eabi/12.3.1/../../../../arm-none-eabi/lib/thumb/v7-m/nofp\libc_nano.a(libc_a-writer.o)
                              C:/ST/STM32CubeCLT_1.16.0/GNU-tools-for-STM32/bin/../lib/gcc/arm-none-eabi/12.3.1/../../../../arm-none-eabi/lib/thumb/v7-m/nofp\libc_nano.a(libc_a-stdio.o) (_write_r)
C:/ST/STM32CubeCLT_1.16.0/GNU-tools-for-STM32/bin/../lib/gcc/arm-none-eabi/12.3.1/../../../../arm-none-eabi/lib/thumb/v7-m/nofp\libc_nano.a(libc_a-init.o)
                              C:/ST/STM32CubeCLT_1.16.0/GNU-tools-for-STM32/bin/../lib/gcc/arm-none-eabi/12.3.1/../../../../arm-none-eabi/lib/thumb/v7-m/nofp/crt0.o (__libc_init_array)
C:/ST/STM32CubeCLT_1.16.0/GNU-tools-for-STM32/bin/../lib/gcc/arm-none-eabi/12.3.1/../../../../arm-none-eabi/lib/thumb/v7-m/nofp\libc_nano.a(libc_a-lock.o)
                              C:/ST/STM32CubeCLT_1.16.0/GNU-tools-for-STM32/bin/../lib/gcc/arm-none-eabi/12.3.1/../../../../arm-none-eabi/lib/thumb/v7-m/nofp\libc_nano.a(libc_a-findfp.o) (__retarget_lock_init_recursive)
C:/ST/STM32CubeCLT_1.16.0/GNU-tools-for-STM32/bin/../lib/gcc/arm-none-eabi/12.3.1/../../../../arm-none-eabi/lib/thumb/v7-m/nofp\libc_nano.a(libc_a-freer.o)
                              C:/ST/STM32CubeCLT_1.16.0/GNU-tools-for-STM32/bin/../lib/gcc/arm-none-eabi/12.3.1/../../../../arm-none-eabi/lib/thumb/v7-m/nofp\libc_nano.a(libc_a-reent.o) (_free_r)
[...]
Memory Configuration

Name             Origin             Length             Attributes
RAM              0x20000000         0x00005000         xrw
FLASH            0x08000000         0x00020000         xr
*default*        0x00000000         0xffffffff

Linker script and memory map

LOAD C:/ST/STM32CubeCLT_1.16.0/GNU-tools-for-STM32/bin/../lib/gcc/arm-none-eabi/12.3.1/thumb/v7-m/nofp/crti.o
LOAD C:/ST/STM32CubeCLT_1.16.0/GNU-tools-for-STM32/bin/../lib/gcc/arm-none-eabi/12.3.1/thumb/v7-m/nofp/crtbegin.o
LOAD C:/ST/STM32CubeCLT_1.16.0/GNU-tools-for-STM32/bin/../lib/gcc/arm-none-eabi/12.3.1/../../../../arm-none-eabi/lib/thumb/v7-m/nofp/crt0.o
START GROUP
LOAD C:/ST/STM32CubeCLT_1.16.0/GNU-tools-for-STM32/bin/../lib/gcc/arm-none-eabi/12.3.1/../../../../arm-none-eabi/lib/thumb/v7-m/nofp\libc_nano.a
LOAD C:/ST/STM32CubeCLT_1.16.0/GNU-tools-for-STM32/bin/../lib/gcc/arm-none-eabi/12.3.1/../../../../arm-none-eabi/lib/thumb/v7-m/nofp\libm.a
END GROUP
LOAD CMakeFiles/EIM_devboard.dir/Libraries/Src/eim.c.obj
LOAD CMakeFiles/EIM_devboard.dir/Libraries/Src/bluecan.c.obj
LOAD CMakeFiles/EIM_devboard.dir/Core/Src/main.c.obj
LOAD CMakeFiles/EIM_devboard.dir/Core/Src/gpio.c.obj
LOAD CMakeFiles/EIM_devboard.dir/Core/Src/adc.c.obj
LOAD CMakeFiles/EIM_devboard.dir/Core/Src/can.c.obj
LOAD CMakeFiles/EIM_devboard.dir/Core/Src/i2c.c.obj
LOAD CMakeFiles/EIM_devboard.dir/Core/Src/spi.c.obj
LOAD CMakeFiles/EIM_devboard.dir/Core/Src/usart.c.obj
LOAD CMakeFiles/EIM_devboard.dir/Core/Src/stm32f1xx_it.c.obj
LOAD CMakeFiles/EIM_devboard.dir/Core/Src/stm32f1xx_hal_msp.c.obj
LOAD CMakeFiles/EIM_devboard.dir/Drivers/STM32F1xx_HAL_Driver/Src/stm32f1xx_hal_gpio_ex.c.obj
LOAD CMakeFiles/EIM_devboard.dir/Drivers/STM32F1xx_HAL_Driver/Src/stm32f1xx_hal_adc.c.obj
LOAD CMakeFiles/EIM_devboard.dir/Drivers/STM32F1xx_HAL_Driver/Src/stm32f1xx_hal_adc_ex.c.obj
LOAD CMakeFiles/EIM_devboard.dir/Drivers/STM32F1xx_HAL_Driver/Src/stm32f1xx_hal.c.obj
LOAD CMakeFiles/EIM_devboard.dir/Drivers/STM32F1xx_HAL_Driver/Src/stm32f1xx_hal_rcc.c.obj
LOAD CMakeFiles/EIM_devboard.dir/Drivers/STM32F1xx_HAL_Driver/Src/stm32f1xx_hal_rcc_ex.c.obj
LOAD CMakeFiles/EIM_devboard.dir/Drivers/STM32F1xx_HAL_Driver/Src/stm32f1xx_hal_gpio.c.obj
LOAD CMakeFiles/EIM_devboard.dir/Drivers/STM32F1xx_HAL_Driver/Src/stm32f1xx_hal_dma.c.obj
LOAD CMakeFiles/EIM_devboard.dir/Drivers/STM32F1xx_HAL_Driver/Src/stm32f1xx_hal_cortex.c.obj
LOAD CMakeFiles/EIM_devboard.dir/Drivers/STM32F1xx_HAL_Driver/Src/stm32f1xx_hal_pwr.c.obj
LOAD CMakeFiles/EIM_devboard.dir/Drivers/STM32F1xx_HAL_Driver/Src/stm32f1xx_hal_flash.c.obj
LOAD CMakeFiles/EIM_devboard.dir/Drivers/STM32F1xx_HAL_Driver/Src/stm32f1xx_hal_flash_ex.c.obj
LOAD CMakeFiles/EIM_devboard.dir/Drivers/STM32F1xx_HAL_Driver/Src/stm32f1xx_hal_exti.c.obj
LOAD CMakeFiles/EIM_devboard.dir/Drivers/STM32F1xx_HAL_Driver/Src/stm32f1xx_hal_can.c.obj
LOAD CMakeFiles/EIM_devboard.dir/Drivers/STM32F1xx_HAL_Driver/Src/stm32f1xx_hal_i2c.c.obj
LOAD CMakeFiles/EIM_devboard.dir/Drivers/STM32F1xx_HAL_Driver/Src/stm32f1xx_hal_spi.c.obj
LOAD CMakeFiles/EIM_devboard.dir/Drivers/STM32F1xx_HAL_Driver/Src/stm32f1xx_hal_tim.c.obj
LOAD CMakeFiles/EIM_devboard.dir/Drivers/STM32F1xx_HAL_Driver/Src/stm32f1xx_hal_tim_ex.c.obj
LOAD CMakeFiles/EIM_devboard.dir/Drivers/STM32F1xx_HAL_Driver/Src/stm32f1xx_hal_uart.c.obj
LOAD CMakeFiles/EIM_devboard.dir/Core/Src/system_stm32f1xx.c.obj
LOAD CMakeFiles/EIM_devboard.dir/Core/Src/sysmem.c.obj
LOAD CMakeFiles/EIM_devboard.dir/Core/Src/syscalls.c.obj
LOAD CMakeFiles/EIM_devboard.dir/startup_stm32f103xb.s.obj
START GROUP
LOAD C:/ST/STM32CubeCLT_1.16.0/GNU-tools-for-STM32/bin/../lib/gcc/arm-none-eabi/12.3.1/thumb/v7-m/nofp\libgcc.a
LOAD C:/ST/STM32CubeCLT_1.16.0/GNU-tools-for-STM32/bin/../lib/gcc/arm-none-eabi/12.3.1/../../../../arm-none-eabi/lib/thumb/v7-m/nofp\libg_nano.a
LOAD C:/ST/STM32CubeCLT_1.16.0/GNU-tools-for-STM32/bin/../lib/gcc/arm-none-eabi/12.3.1/../../../../arm-none-eabi/lib/thumb/v7-m/nofp\libc_nano.a
END GROUP
START GROUP
LOAD C:/ST/STM32CubeCLT_1.16.0/GNU-tools-for-STM32/bin/../lib/gcc/arm-none-eabi/12.3.1/thumb/v7-m/nofp\libgcc.a
LOAD C:/ST/STM32CubeCLT_1.16.0/GNU-tools-for-STM32/bin/../lib/gcc/arm-none-eabi/12.3.1/../../../../arm-none-eabi/lib/thumb/v7-m/nofp\libc_nano.a
END GROUP
LOAD C:/ST/STM32CubeCLT_1.16.0/GNU-tools-for-STM32/bin/../lib/gcc/arm-none-eabi/12.3.1/thumb/v7-m/nofp/crtend.o
LOAD C:/ST/STM32CubeCLT_1.16.0/GNU-tools-for-STM32/bin/../lib/gcc/arm-none-eabi/12.3.1/thumb/v7-m/nofp/crtn.o
                0x20005000                        _estack = (ORIGIN (RAM) + LENGTH (RAM))
                0x00000200                        _Min_Heap_Size = 0x200
                0x00000400                        _Min_Stack_Size = 0x400

.isr_vector     0x08000000      0x10c
                0x08000000                        . = ALIGN (0x4)
 *(.isr_vector)
 .isr_vector    0x08000000      0x10c CMakeFiles/EIM_devboard.dir/startup_stm32f103xb.s.obj
                0x08000000                g_pfnVectors
                0x0800010c                        . = ALIGN (0x4)

.text           0x0800010c     0x294c
                0x0800010c                        . = ALIGN (0x4)
 *(.text)
 .text          0x0800010c       0x40 C:/ST/STM32CubeCLT_1.16.0/GNU-tools-for-STM32/bin/../lib/gcc/arm-none-eabi/12.3.1/thumb/v7-m/nofp/crtbegin.o
 *(.text*)
 .text.memset   0x0800014c       0x10 C:/ST/STM32CubeCLT_1.16.0/GNU-tools-for-STM32/bin/../lib/gcc/arm-none-eabi/12.3.1/../../../../arm-none-eabi/lib/thumb/v7-m/nofp\libc_nano.a(libc_a-memset.o)
                0x0800014c                memset
 .text.__libc_init_array
                0x0800015c       0x48 C:/ST/STM32CubeCLT_1.16.0/GNU-tools-for-STM32/bin/../lib/gcc/arm-none-eabi/12.3.1/../../../../arm-none-eabi/lib/thumb/v7-m/nofp\libc_nano.a(libc_a-init.o)
                0x0800015c                __libc_init_array
 .text.checkGear
                0x080001a4       0xec CMakeFiles/EIM_devboard.dir/Libraries/Src/eim.c.obj
                0x080001a4                checkGear
 .text.startCAN
                0x08000290       0x14 CMakeFiles/EIM_devboard.dir/Libraries/Src/bluecan.c.obj
                0x08000290                startCAN
 .text.sendCAN_engine_gear
                0x080002a4       0x50 CMakeFiles/EIM_devboard.dir/Libraries/Src/bluecan.c.obj
                0x080002a4                sendCAN_engine_gear
 .text.main     0x080002f4       0x60 CMakeFiles/EIM_devboard.dir/Core/Src/main.c.obj
                0x080002f4                main
 .text.SystemClock_Config
                0x08000354       0xae CMakeFiles/EIM_devboard.dir/Core/Src/main.c.obj
                0x08000354                SystemClock_Config
 .text.Error_Handler
                0x08000402        0xc CMakeFiles/EIM_devboard.dir/Core/Src/main.c.obj
                0x08000402                Error_Handler
 *fill*         0x0800040e        0x2 
 .text.MX_GPIO_Init
                0x08000410      0x184 CMakeFiles/EIM_devboard.dir/Core/Src/gpio.c.obj
                0x08000410                MX_GPIO_Init
 .text.MX_ADC1_Init
                0x08000594       0x7c CMakeFiles/EIM_devboard.dir/Core/Src/adc.c.obj
                0x08000594                MX_ADC1_Init
 .text.HAL_ADC_MspInit
                0x08000610       0x78 CMakeFiles/EIM_devboard.dir/Core/Src/adc.c.obj
                0x08000610                HAL_ADC_MspInit
 .text.MX_CAN_Init
                0x08000688       0x6c CMakeFiles/EIM_devboard.dir/Core/Src/can.c.obj
                0x08000688                MX_CAN_Init
 .text.HAL_CAN_MspInit
                0x080006f4       0x98 CMakeFiles/EIM_devboard.dir/Core/Src/can.c.obj
                0x080006f4                HAL_CAN_MspInit
 .text.MX_I2C1_Init
                0x0800078c       0x5c CMakeFiles/EIM_devboard.dir/Core/Src/i2c.c.obj
                0x0800078c                MX_I2C1_Init
 .text.HAL_I2C_MspInit
                0x080007e8       0x7c CMakeFiles/EIM_devboard.dir/Core/Src/i2c.c.obj
                0x080007e8                HAL_I2C_MspInit
 .text.MX_SPI2_Init
                0x08000864       0x6c CMakeFiles/EIM_devboard.dir/Core/Src/spi.c.obj
                0x08000864                MX_SPI2_Init
 .text.HAL_SPI_MspInit
                0x080008d0       0x98 CMakeFiles/EIM_devboard.dir/Core/Src/spi.c.obj
                0x080008d0                HAL_SPI_MspInit
 .text.MX_USART1_UART_Init
                0x08000968       0x54 CMakeFiles/EIM_devboard.dir/Core/Src/usart.c.obj
                0x08000968                MX_USART1_UART_Init
 .text.MX_USART2_UART_Init
                0x080009bc       0x54 CMakeFiles/EIM_devboard.dir/Core/Src/usart.c.obj
                0x080009bc                MX_USART2_UART_Init
 .text.HAL_UART_MspInit
                0x08000a10       0xf0 CMakeFiles/EIM_devboard.dir/Core/Src/usart.c.obj
                0x08000a10                HAL_UART_MspInit
 .text.NMI_Handler
                0x08000b00        0x8 CMakeFiles/EIM_devboard.dir/Core/Src/stm32f1xx_it.c.obj
                0x08000b00                NMI_Handler
 .text.HardFault_Handler
                0x08000b08        0x8 CMakeFiles/EIM_devboard.dir/Core/Src/stm32f1xx_it.c.obj
                0x08000b08                HardFault_Handler
 .text.MemManage_Handler
                0x08000b10        0x8 CMakeFiles/EIM_devboard.dir/Core/Src/stm32f1xx_it.c.obj
                0x08000b10                MemManage_Handler
 .text.BusFault_Handler
                0x08000b18        0x8 CMakeFiles/EIM_devboard.dir/Core/Src/stm32f1xx_it.c.obj
                0x08000b18                BusFault_Handler
 .text.UsageFault_Handler
                0x08000b20        0x8 CMakeFiles/EIM_devboard.dir/Core/Src/stm32f1xx_it.c.obj
                0x08000b20                UsageFault_Handler
 .text.SVC_Handler
                0x08000b28        0xc CMakeFiles/EIM_devboard.dir/Core/Src/stm32f1xx_it.c.obj
                0x08000b28                SVC_Handler
 .text.DebugMon_Handler
                0x08000b34        0xc CMakeFiles/EIM_devboard.dir/Core/Src/stm32f1xx_it.c.obj
                0x08000b34                DebugMon_Handler
 .text.PendSV_Handler
                0x08000b40        0xc CMakeFiles/EIM_devboard.dir/Core/Src/stm32f1xx_it.c.obj
                0x08000b40                PendSV_Handler
 .text.SysTick_Handler
                0x08000b4c        0xc CMakeFiles/EIM_devboard.dir/Core/Src/stm32f1xx_it.c.obj
                0x08000b4c                SysTick_Handler
 .text.EXTI15_10_IRQHandler
                0x08000b58       0x10 CMakeFiles/EIM_devboard.dir/Core/Src/stm32f1xx_it.c.obj
                0x08000b58                EXTI15_10_IRQHandler
 .text.HAL_MspInit
                0x08000b68       0x64 CMakeFiles/EIM_devboard.dir/Core/Src/stm32f1xx_hal_msp.c.obj
                0x08000b68                HAL_MspInit
 .text.HAL_ADC_Init
                0x08000bcc      0x1b0 CMakeFiles/EIM_devboard.dir/Drivers/STM32F1xx_HAL_Driver/Src/stm32f1xx_hal_adc.c.obj
                0x08000bcc                HAL_ADC_Init
 .text.HAL_ADC_ConfigChannel
                0x08000d7c      0x1f0 CMakeFiles/EIM_devboard.dir/Drivers/STM32F1xx_HAL_Driver/Src/stm32f1xx_hal_adc.c.obj
                0x08000d7c                HAL_ADC_ConfigChannel
 .text.ADC_ConversionStop_Disable
                0x08000f6c       0x82 CMakeFiles/EIM_devboard.dir/Drivers/STM32F1xx_HAL_Driver/Src/stm32f1xx_hal_adc.c.obj
                0x08000f6c                ADC_ConversionStop_Disable
 *fill*         0x08000fee        0x2 
 .text.HAL_Init
                0x08000ff0       0x2c CMakeFiles/EIM_devboard.dir/Drivers/STM32F1xx_HAL_Driver/Src/stm32f1xx_hal.c.obj
                0x08000ff0                HAL_Init
 .text.HAL_InitTick
                0x0800101c       0x60 CMakeFiles/EIM_devboard.dir/Drivers/STM32F1xx_HAL_Driver/Src/stm32f1xx_hal.c.obj
                0x0800101c                HAL_InitTick
 .text.HAL_IncTick
                0x0800107c       0x24 CMakeFiles/EIM_devboard.dir/Drivers/STM32F1xx_HAL_Driver/Src/stm32f1xx_hal.c.obj
                0x0800107c                HAL_IncTick
 .text.HAL_GetTick
                0x080010a0       0x14 CMakeFiles/EIM_devboard.dir/Drivers/STM32F1xx_HAL_Driver/Src/stm32f1xx_hal.c.obj
                0x080010a0                HAL_GetTick
 .text.HAL_Delay
                0x080010b4       0x48 CMakeFiles/EIM_devboard.dir/Drivers/STM32F1xx_HAL_Driver/Src/stm32f1xx_hal.c.obj
                0x080010b4                HAL_Delay
 .text.HAL_RCC_OscConfig
                0x080010fc      0x504 CMakeFiles/EIM_devboard.dir/Drivers/STM32F1xx_HAL_Driver/Src/stm32f1xx_hal_rcc.c.obj
                0x080010fc                HAL_RCC_OscConfig
 .text.HAL_RCC_ClockConfig
                0x08001600      0x1d4 CMakeFiles/EIM_devboard.dir/Drivers/STM32F1xx_HAL_Driver/Src/stm32f1xx_hal_rcc.c.obj
                0x08001600                HAL_RCC_ClockConfig
 .text.HAL_RCC_GetSysClockFreq
                0x080017d4       0xa8 CMakeFiles/EIM_devboard.dir/Drivers/STM32F1xx_HAL_Driver/Src/stm32f1xx_hal_rcc.c.obj
                0x080017d4                HAL_RCC_GetSysClockFreq
 .text.HAL_RCC_GetHCLKFreq
                0x0800187c       0x14 CMakeFiles/EIM_devboard.dir/Drivers/STM32F1xx_HAL_Driver/Src/stm32f1xx_hal_rcc.c.obj
                0x0800187c                HAL_RCC_GetHCLKFreq
 .text.HAL_RCC_GetPCLK1Freq
                0x08001890       0x28 CMakeFiles/EIM_devboard.dir/Drivers/STM32F1xx_HAL_Driver/Src/stm32f1xx_hal_rcc.c.obj
                0x08001890                HAL_RCC_GetPCLK1Freq
 .text.HAL_RCC_GetPCLK2Freq
                0x080018b8       0x28 CMakeFiles/EIM_devboard.dir/Drivers/STM32F1xx_HAL_Driver/Src/stm32f1xx_hal_rcc.c.obj
                0x080018b8                HAL_RCC_GetPCLK2Freq
 .text.RCC_Delay
                0x080018e0       0x3c CMakeFiles/EIM_devboard.dir/Drivers/STM32F1xx_HAL_Driver/Src/stm32f1xx_hal_rcc.c.obj
 .text.HAL_RCCEx_PeriphCLKConfig
                0x0800191c      0x16c CMakeFiles/EIM_devboard.dir/Drivers/STM32F1xx_HAL_Driver/Src/stm32f1xx_hal_rcc_ex.c.obj
                0x0800191c                HAL_RCCEx_PeriphCLKConfig
 .text.HAL_GPIO_Init
                0x08001a88      0x308 CMakeFiles/EIM_devboard.dir/Drivers/STM32F1xx_HAL_Driver/Src/stm32f1xx_hal_gpio.c.obj
                0x08001a88                HAL_GPIO_Init
 .text.HAL_GPIO_ReadPin
                0x08001d90       0x2e CMakeFiles/EIM_devboard.dir/Drivers/STM32F1xx_HAL_Driver/Src/stm32f1xx_hal_gpio.c.obj
                0x08001d90                HAL_GPIO_ReadPin
 .text.HAL_GPIO_WritePin
                0x08001dbe       0x30 CMakeFiles/EIM_devboard.dir/Drivers/STM32F1xx_HAL_Driver/Src/stm32f1xx_hal_gpio.c.obj
                0x08001dbe                HAL_GPIO_WritePin
 .text.HAL_GPIO_TogglePin
                0x08001dee       0x32 CMakeFiles/EIM_devboard.dir/Drivers/STM32F1xx_HAL_Driver/Src/stm32f1xx_hal_gpio.c.obj
                0x08001dee                HAL_GPIO_TogglePin
 .text.HAL_GPIO_EXTI_IRQHandler
                0x08001e20       0x30 CMakeFiles/EIM_devboard.dir/Drivers/STM32F1xx_HAL_Driver/Src/stm32f1xx_hal_gpio.c.obj
                0x08001e20                HAL_GPIO_EXTI_IRQHandler
 .text.HAL_GPIO_EXTI_Callback
                0x08001e50       0x14 CMakeFiles/EIM_devboard.dir/Drivers/STM32F1xx_HAL_Driver/Src/stm32f1xx_hal_gpio.c.obj
                0x08001e50                HAL_GPIO_EXTI_Callback
 .text.__NVIC_SetPriorityGrouping
                0x08001e64       0x48 CMakeFiles/EIM_devboard.dir/Drivers/STM32F1xx_HAL_Driver/Src/stm32f1xx_hal_cortex.c.obj
 .text.__NVIC_GetPriorityGrouping
                0x08001eac       0x1c CMakeFiles/EIM_devboard.dir/Drivers/STM32F1xx_HAL_Driver/Src/stm32f1xx_hal_cortex.c.obj
 .text.__NVIC_EnableIRQ
                0x08001ec8       0x38 CMakeFiles/EIM_devboard.dir/Drivers/STM32F1xx_HAL_Driver/Src/stm32f1xx_hal_cortex.c.obj
 .text.__NVIC_SetPriority
                0x08001f00       0x54 CMakeFiles/EIM_devboard.dir/Drivers/STM32F1xx_HAL_Driver/Src/stm32f1xx_hal_cortex.c.obj
 .text.NVIC_EncodePriority
                0x08001f54       0x64 CMakeFiles/EIM_devboard.dir/Drivers/STM32F1xx_HAL_Driver/Src/stm32f1xx_hal_cortex.c.obj
 .text.SysTick_Config
                0x08001fb8       0x44 CMakeFiles/EIM_devboard.dir/Drivers/STM32F1xx_HAL_Driver/Src/stm32f1xx_hal_cortex.c.obj
 .text.HAL_NVIC_SetPriorityGrouping
                0x08001ffc       0x16 CMakeFiles/EIM_devboard.dir/Drivers/STM32F1xx_HAL_Driver/Src/stm32f1xx_hal_cortex.c.obj
                0x08001ffc                HAL_NVIC_SetPriorityGrouping
 .text.HAL_NVIC_SetPriority
                0x08002012       0x38 CMakeFiles/EIM_devboard.dir/Drivers/STM32F1xx_HAL_Driver/Src/stm32f1xx_hal_cortex.c.obj
                0x08002012                HAL_NVIC_SetPriority
 .text.HAL_NVIC_EnableIRQ
                0x0800204a       0x1c CMakeFiles/EIM_devboard.dir/Drivers/STM32F1xx_HAL_Driver/Src/stm32f1xx_hal_cortex.c.obj
                0x0800204a                HAL_NVIC_EnableIRQ
 .text.HAL_SYSTICK_Config
                0x08002066       0x18 CMakeFiles/EIM_devboard.dir/Drivers/STM32F1xx_HAL_Driver/Src/stm32f1xx_hal_cortex.c.obj
                0x08002066                HAL_SYSTICK_Config
 .text.HAL_CAN_Init
                0x0800207e      0x1f6 CMakeFiles/EIM_devboard.dir/Drivers/STM32F1xx_HAL_Driver/Src/stm32f1xx_hal_can.c.obj
                0x0800207e                HAL_CAN_Init
 .text.HAL_CAN_Start
                0x08002274       0x88 CMakeFiles/EIM_devboard.dir/Drivers/STM32F1xx_HAL_Driver/Src/stm32f1xx_hal_can.c.obj
                0x08002274                HAL_CAN_Start
 .text.HAL_CAN_AddTxMessage
                0x080022fc      0x19e CMakeFiles/EIM_devboard.dir/Drivers/STM32F1xx_HAL_Driver/Src/stm32f1xx_hal_can.c.obj
                0x080022fc                HAL_CAN_AddTxMessage
 *fill*         0x0800249a        0x2 
 .text.HAL_I2C_Init
                0x0800249c      0x288 CMakeFiles/EIM_devboard.dir/Drivers/STM32F1xx_HAL_Driver/Src/stm32f1xx_hal_i2c.c.obj
                0x0800249c                HAL_I2C_Init
 .text.HAL_SPI_Init
                0x08002724      0x108 CMakeFiles/EIM_devboard.dir/Drivers/STM32F1xx_HAL_Driver/Src/stm32f1xx_hal_spi.c.obj
                0x08002724                HAL_SPI_Init
 .text.HAL_UART_Init
                0x0800282c       0xa0 CMakeFiles/EIM_devboard.dir/Drivers/STM32F1xx_HAL_Driver/Src/stm32f1xx_hal_uart.c.obj
                0x0800282c                HAL_UART_Init
 .text.UART_SetConfig
                0x080028cc      0x11c CMakeFiles/EIM_devboard.dir/Drivers/STM32F1xx_HAL_Driver/Src/stm32f1xx_hal_uart.c.obj
 .text.SystemInit
                0x080029e8        0xc CMakeFiles/EIM_devboard.dir/Core/Src/system_stm32f1xx.c.obj
                0x080029e8                SystemInit
 .text.Reset_Handler
                0x080029f4       0x48 CMakeFiles/EIM_devboard.dir/startup_stm32f103xb.s.obj
                0x080029f4                Reset_Handler
 .text.Default_Handler
                0x08002a3c        0x2 CMakeFiles/EIM_devboard.dir/startup_stm32f103xb.s.obj
                0x08002a3c                RTC_Alarm_IRQHandler
                0x08002a3c                EXTI2_IRQHandler
                0x08002a3c                TIM1_CC_IRQHandler
                0x08002a3c                PVD_IRQHandler
                0x08002a3c                EXTI3_IRQHandler
                0x08002a3c                EXTI0_IRQHandler
                0x08002a3c                I2C2_EV_IRQHandler
                0x08002a3c                ADC1_2_IRQHandler
                0x08002a3c                SPI1_IRQHandler
                0x08002a3c                TAMPER_IRQHandler
                0x08002a3c                DMA1_Channel4_IRQHandler
                0x08002a3c                USART3_IRQHandler
                0x08002a3c                RTC_IRQHandler
                0x08002a3c                DMA1_Channel7_IRQHandler
                0x08002a3c                CAN1_RX1_IRQHandler
                0x08002a3c                TIM4_IRQHandler
                0x08002a3c                I2C1_EV_IRQHandler
                0x08002a3c                DMA1_Channel6_IRQHandler
                0x08002a3c                TIM3_IRQHandler
                0x08002a3c                RCC_IRQHandler
                0x08002a3c                TIM1_TRG_COM_IRQHandler
                0x08002a3c                DMA1_Channel1_IRQHandler
                0x08002a3c                Default_Handler
                0x08002a3c                EXTI9_5_IRQHandler
                0x08002a3c                SPI2_IRQHandler
                0x08002a3c                DMA1_Channel5_IRQHandler
                0x08002a3c                EXTI4_IRQHandler
                0x08002a3c                USB_LP_CAN1_RX0_IRQHandler
                0x08002a3c                USB_HP_CAN1_TX_IRQHandler
                0x08002a3c                DMA1_Channel3_IRQHandler
                0x08002a3c                TIM1_UP_IRQHandler
                0x08002a3c                WWDG_IRQHandler
                0x08002a3c                TIM2_IRQHandler
                0x08002a3c                TIM1_BRK_IRQHandler
                0x08002a3c                EXTI1_IRQHandler
                0x08002a3c                USART2_IRQHandler
                0x08002a3c                I2C2_ER_IRQHandler
                0x08002a3c                DMA1_Channel2_IRQHandler
                0x08002a3c                CAN1_SCE_IRQHandler
                0x08002a3c                FLASH_IRQHandler
                0x08002a3c                USART1_IRQHandler
                0x08002a3c                I2C1_ER_IRQHandler
                0x08002a3c                USBWakeUp_IRQHandler
 *(.glue_7)
 .glue_7        0x08002a3e        0x0 linker stubs
 *(.glue_7t)
 .glue_7t       0x08002a3e        0x0 linker stubs
 *(.eh_frame)
 *fill*         0x08002a3e        0x2 
 .eh_frame      0x08002a40        0x0 C:/ST/STM32CubeCLT_1.16.0/GNU-tools-for-STM32/bin/../lib/gcc/arm-none-eabi/12.3.1/thumb/v7-m/nofp/crtbegin.o
 *(.init)
 .init          0x08002a40        0x4 C:/ST/STM32CubeCLT_1.16.0/GNU-tools-for-STM32/bin/../lib/gcc/arm-none-eabi/12.3.1/thumb/v7-m/nofp/crti.o
                0x08002a40                _init
 .init          0x08002a44        0x8 C:/ST/STM32CubeCLT_1.16.0/GNU-tools-for-STM32/bin/../lib/gcc/arm-none-eabi/12.3.1/thumb/v7-m/nofp/crtn.o
 *(.fini)
 .fini          0x08002a4c        0x4 C:/ST/STM32CubeCLT_1.16.0/GNU-tools-for-STM32/bin/../lib/gcc/arm-none-eabi/12.3.1/thumb/v7-m/nofp/crti.o
                0x08002a4c                _fini
 .fini          0x08002a50        0x8 C:/ST/STM32CubeCLT_1.16.0/GNU-tools-for-STM32/bin/../lib/gcc/arm-none-eabi/12.3.1/thumb/v7-m/nofp/crtn.o
                0x08002a58                        . = ALIGN (0x4)
                0x08002a58                        _etext = .

.vfp11_veneer   0x08002a58        0x0
 .vfp11_veneer  0x08002a58        0x0 linker stubs

.v4_bx          0x08002a58        0x0
 .v4_bx         0x08002a58        0x0 linker stubs

.iplt           0x08002a58        0x0
 .iplt          0x08002a58        0x0 C:/ST/STM32CubeCLT_1.16.0/GNU-tools-for-STM32/bin/../lib/gcc/arm-none-eabi/12.3.1/thumb/v7-m/nofp/crtbegin.o

.rodata         0x08002a58       0x2c
                0x08002a58                        . = ALIGN (0x4)
 *(.rodata)
 *(.rodata*)
 .rodata.aPLLMULFactorTable.1
                0x08002a58       0x10 CMakeFiles/EIM_devboard.dir/Drivers/STM32F1xx_HAL_Driver/Src/stm32f1xx_hal_rcc.c.obj
 .rodata.aPredivFactorTable.0
                0x08002a68        0x2 CMakeFiles/EIM_devboard.dir/Drivers/STM32F1xx_HAL_Driver/Src/stm32f1xx_hal_rcc.c.obj
 *fill*         0x08002a6a        0x2 
 .rodata.AHBPrescTable
                0x08002a6c       0x10 CMakeFiles/EIM_devboard.dir/Core/Src/system_stm32f1xx.c.obj
                0x08002a6c                AHBPrescTable
 .rodata.APBPrescTable
                0x08002a7c        0x8 CMakeFiles/EIM_devboard.dir/Core/Src/system_stm32f1xx.c.obj
                0x08002a7c                APBPrescTable
                0x08002a84                        . = ALIGN (0x4)

.rel.dyn        0x08002a84        0x0
 .rel.iplt      0x08002a84        0x0 C:/ST/STM32CubeCLT_1.16.0/GNU-tools-for-STM32/bin/../lib/gcc/arm-none-eabi/12.3.1/thumb/v7-m/nofp/crtbegin.o

.ARM.extab
 *(.ARM.extab* .gnu.linkonce.armextab.*)

.ARM            0x08002a84        0x0
                0x08002a84                        __exidx_start = .
 *(.ARM.exidx*)
                0x08002a84                        __exidx_end = .

.preinit_array  0x08002a84        0x0
                0x08002a84                        PROVIDE (__preinit_array_start = .)
 *(.preinit_array*)
                0x08002a84                        PROVIDE (__preinit_array_end = .)

.init_array     0x08002a84        0x4
                0x08002a84                        PROVIDE (__init_array_start = .)
 *(SORT_BY_NAME(.init_array.*))
 *(.init_array*)
 .init_array    0x08002a84        0x4 C:/ST/STM32CubeCLT_1.16.0/GNU-tools-for-STM32/bin/../lib/gcc/arm-none-eabi/12.3.1/thumb/v7-m/nofp/crtbegin.o
                0x08002a88                        PROVIDE (__init_array_end = .)

.fini_array     0x08002a88        0x4
                [!provide]                        PROVIDE (__fini_array_start = .)
 *(SORT_BY_NAME(.fini_array.*))
 *(.fini_array*)
 .fini_array    0x08002a88        0x4 C:/ST/STM32CubeCLT_1.16.0/GNU-tools-for-STM32/bin/../lib/gcc/arm-none-eabi/12.3.1/thumb/v7-m/nofp/crtbegin.o
                [!provide]                        PROVIDE (__fini_array_end = .)
                0x08002a8c                        _sidata = LOADADDR (.data)

.data           0x20000000        0xc load address 0x08002a8c
                0x20000000                        . = ALIGN (0x4)
                0x20000000                        _sdata = .
 *(.data)
 *(.data*)
 .data.uwTickPrio
                0x20000000        0x4 CMakeFiles/EIM_devboard.dir/Drivers/STM32F1xx_HAL_Driver/Src/stm32f1xx_hal.c.obj
                0x20000000                uwTickPrio
 .data.uwTickFreq
                0x20000004        0x1 CMakeFiles/EIM_devboard.dir/Drivers/STM32F1xx_HAL_Driver/Src/stm32f1xx_hal.c.obj
                0x20000004                uwTickFreq
 *fill*         0x20000005        0x3 
 .data.SystemCoreClock
                0x20000008        0x4 CMakeFiles/EIM_devboard.dir/Core/Src/system_stm32f1xx.c.obj
                0x20000008                SystemCoreClock
                0x2000000c                        . = ALIGN (0x4)
                0x2000000c                        _edata = .

.igot.plt       0x2000000c        0x0 load address 0x08002a98
 .igot.plt      0x2000000c        0x0 C:/ST/STM32CubeCLT_1.16.0/GNU-tools-for-STM32/bin/../lib/gcc/arm-none-eabi/12.3.1/thumb/v7-m/nofp/crtbegin.o
                0x2000000c                        . = ALIGN (0x4)

.bss            0x2000000c      0x1dc load address 0x08002a98
                0x2000000c                        _sbss = .
                0x2000000c                        __bss_start__ = _sbss
 *(.bss)
 .bss           0x2000000c       0x1c C:/ST/STM32CubeCLT_1.16.0/GNU-tools-for-STM32/bin/../lib/gcc/arm-none-eabi/12.3.1/thumb/v7-m/nofp/crtbegin.o
 *(.bss*)
 .bss.TxHeader  0x20000028       0x18 CMakeFiles/EIM_devboard.dir/Libraries/Src/bluecan.c.obj
                0x20000028                TxHeader
 .bss.TxData    0x20000040        0x8 CMakeFiles/EIM_devboard.dir/Libraries/Src/bluecan.c.obj
                0x20000040                TxData
 .bss.TxMailbox
                0x20000048        0x4 CMakeFiles/EIM_devboard.dir/Libraries/Src/bluecan.c.obj
                0x20000048                TxMailbox
 .bss.gear      0x2000004c        0x1 CMakeFiles/EIM_devboard.dir/Core/Src/main.c.obj
                0x2000004c                gear
 *fill*         0x2000004d        0x3 
 .bss.hadc1     0x20000050       0x30 CMakeFiles/EIM_devboard.dir/Core/Src/adc.c.obj
                0x20000050                hadc1
 .bss.hcan      0x20000080       0x28 CMakeFiles/EIM_devboard.dir/Core/Src/can.c.obj
                0x20000080                hcan
 .bss.hi2c1     0x200000a8       0x54 CMakeFiles/EIM_devboard.dir/Core/Src/i2c.c.obj
                0x200000a8                hi2c1
 .bss.hspi2     0x200000fc       0x58 CMakeFiles/EIM_devboard.dir/Core/Src/spi.c.obj
                0x200000fc                hspi2
 .bss.huart1    0x20000154       0x48 CMakeFiles/EIM_devboard.dir/Core/Src/usart.c.obj
                0x20000154                huart1
 .bss.huart2    0x2000019c       0x48 CMakeFiles/EIM_devboard.dir/Core/Src/usart.c.obj
                0x2000019c                huart2
 .bss.uwTick    0x200001e4        0x4 CMakeFiles/EIM_devboard.dir/Drivers/STM32F1xx_HAL_Driver/Src/stm32f1xx_hal.c.obj
                0x200001e4                uwTick
 *(COMMON)
                0x200001e8                        . = ALIGN (0x4)
                0x200001e8                        _ebss = .
                0x200001e8                        __bss_end__ = _ebss

._user_heap_stack
                0x200001e8      0x600 load address 0x08002a98
                0x200001e8                        . = ALIGN (0x8)
                [!provide]                        PROVIDE (end = .)
                0x200001e8                        PROVIDE (_end = .)
                0x200003e8                        . = (. + _Min_Heap_Size)
 *fill*         0x200001e8      0x200 
                0x200007e8                        . = (. + _Min_Stack_Size)
 *fill*         0x200003e8      0x400 
                0x200007e8                        . = ALIGN (0x8)

/DISCARD/
 libc.a(*)
 libm.a(*)
 libgcc.a(*)

.ARM.attributes
                0x00000000       0x29
 *(.ARM.attributes)
 .ARM.attributes
                0x00000000       0x1d C:/ST/STM32CubeCLT_1.16.0/GNU-tools-for-STM32/bin/../lib/gcc/arm-none-eabi/12.3.1/thumb/v7-m/nofp/crti.o
 .ARM.attributes
                0x0000001d       0x2d C:/ST/STM32CubeCLT_1.16.0/GNU-tools-for-STM32/bin/../lib/gcc/arm-none-eabi/12.3.1/thumb/v7-m/nofp/crtbegin.o
 .ARM.attributes
                0x0000004a       0x2d C:/ST/STM32CubeCLT_1.16.0/GNU-tools-for-STM32/bin/../lib/gcc/arm-none-eabi/12.3.1/../../../../arm-none-eabi/lib/thumb/v7-m/nofp\libc_nano.a(libc_a-memset.o)
 .ARM.attributes
                0x00000077       0x2d C:/ST/STM32CubeCLT_1.16.0/GNU-tools-for-STM32/bin/../lib/gcc/arm-none-eabi/12.3.1/../../../../arm-none-eabi/lib/thumb/v7-m/nofp\libc_nano.a(libc_a-init.o)
 .ARM.attributes
                0x000000a4       0x2d CMakeFiles/EIM_devboard.dir/Libraries/Src/eim.c.obj
 .ARM.attributes
                0x000000d1       0x2d CMakeFiles/EIM_devboard.dir/Libraries/Src/bluecan.c.obj
 .ARM.attributes
                0x000000fe       0x2d CMakeFiles/EIM_devboard.dir/Core/Src/main.c.obj
 .ARM.attributes
                0x0000012b       0x2d CMakeFiles/EIM_devboard.dir/Core/Src/gpio.c.obj
 .ARM.attributes
                0x00000158       0x2d CMakeFiles/EIM_devboard.dir/Core/Src/adc.c.obj
 .ARM.attributes
                0x00000185       0x2d CMakeFiles/EIM_devboard.dir/Core/Src/can.c.obj
 .ARM.attributes
                0x000001b2       0x2d CMakeFiles/EIM_devboard.dir/Core/Src/i2c.c.obj
 .ARM.attributes
                0x000001df       0x2d CMakeFiles/EIM_devboard.dir/Core/Src/spi.c.obj
 .ARM.attributes
                0x0000020c       0x2d CMakeFiles/EIM_devboard.dir/Core/Src/usart.c.obj
 .ARM.attributes
                0x00000239       0x2d CMakeFiles/EIM_devboard.dir/Core/Src/stm32f1xx_it.c.obj
 .ARM.attributes
                0x00000266       0x2d CMakeFiles/EIM_devboard.dir/Core/Src/stm32f1xx_hal_msp.c.obj
 .ARM.attributes
                0x00000293       0x2d CMakeFiles/EIM_devboard.dir/Drivers/STM32F1xx_HAL_Driver/Src/stm32f1xx_hal_adc.c.obj
 .ARM.attributes
                0x000002c0       0x2d CMakeFiles/EIM_devboard.dir/Drivers/STM32F1xx_HAL_Driver/Src/stm32f1xx_hal.c.obj
 .ARM.attributes
                0x000002ed       0x2d CMakeFiles/EIM_devboard.dir/Drivers/STM32F1xx_HAL_Driver/Src/stm32f1xx_hal_rcc.c.obj
 .ARM.attributes
                0x0000031a       0x2d CMakeFiles/EIM_devboard.dir/Drivers/STM32F1xx_HAL_Driver/Src/stm32f1xx_hal_rcc_ex.c.obj
 .ARM.attributes
                0x00000347       0x2d CMakeFiles/EIM_devboard.dir/Drivers/STM32F1xx_HAL_Driver/Src/stm32f1xx_hal_gpio.c.obj
 .ARM.attributes
                0x00000374       0x2d CMakeFiles/EIM_devboard.dir/Drivers/STM32F1xx_HAL_Driver/Src/stm32f1xx_hal_cortex.c.obj
 .ARM.attributes
                0x000003a1       0x2d CMakeFiles/EIM_devboard.dir/Drivers/STM32F1xx_HAL_Driver/Src/stm32f1xx_hal_can.c.obj
 .ARM.attributes
                0x000003ce       0x2d CMakeFiles/EIM_devboard.dir/Drivers/STM32F1xx_HAL_Driver/Src/stm32f1xx_hal_i2c.c.obj
 .ARM.attributes
                0x000003fb       0x2d CMakeFiles/EIM_devboard.dir/Drivers/STM32F1xx_HAL_Driver/Src/stm32f1xx_hal_spi.c.obj
 .ARM.attributes
                0x00000428       0x2d CMakeFiles/EIM_devboard.dir/Drivers/STM32F1xx_HAL_Driver/Src/stm32f1xx_hal_uart.c.obj
 .ARM.attributes
                0x00000455       0x2d CMakeFiles/EIM_devboard.dir/Core/Src/system_stm32f1xx.c.obj
 .ARM.attributes
                0x00000482       0x21 CMakeFiles/EIM_devboard.dir/startup_stm32f103xb.s.obj
 .ARM.attributes
                0x000004a3       0x1d C:/ST/STM32CubeCLT_1.16.0/GNU-tools-for-STM32/bin/../lib/gcc/arm-none-eabi/12.3.1/thumb/v7-m/nofp/crtn.o
OUTPUT(EIM_devboard.elf elf32-littlearm)
LOAD linker stubs
LOAD C:/ST/STM32CubeCLT_1.16.0/GNU-tools-for-STM32/bin/../lib/gcc/arm-none-eabi/12.3.1/../../../../arm-none-eabi/lib/thumb/v7-m/nofp\libc.a
LOAD C:/ST/STM32CubeCLT_1.16.0/GNU-tools-for-STM32/bin/../lib/gcc/arm-none-eabi/12.3.1/../../../../arm-none-eabi/lib/thumb/v7-m/nofp\libm.a
LOAD C:/ST/STM32CubeCLT_1.16.0/GNU-tools-for-STM32/bin/../lib/gcc/arm-none-eabi/12.3.1/thumb/v7-m/nofp\libgcc.a

.debug_frame    0x00000000     0x385c
 .debug_frame   0x00000000       0x20 C:/ST/STM32CubeCLT_1.16.0/GNU-tools-for-STM32/bin/../lib/gcc/arm-none-eabi/12.3.1/../../../../arm-none-eabi/lib/thumb/v7-m/nofp\libc_nano.a(libc_a-memset.o)
 .debug_frame   0x00000020       0x2c C:/ST/STM32CubeCLT_1.16.0/GNU-tools-for-STM32/bin/../lib/gcc/arm-none-eabi/12.3.1/../../../../arm-none-eabi/lib/thumb/v7-m/nofp\libc_nano.a(libc_a-init.o)
 .debug_frame   0x0000004c       0x34 CMakeFiles/EIM_devboard.dir/Libraries/Src/eim.c.obj
 .debug_frame   0x00000080       0x50 CMakeFiles/EIM_devboard.dir/Libraries/Src/bluecan.c.obj
 .debug_frame   0x000000d0       0x68 CMakeFiles/EIM_devboard.dir/Core/Src/main.c.obj
 .debug_frame   0x00000138       0x34 CMakeFiles/EIM_devboard.dir/Core/Src/gpio.c.obj
 .debug_frame   0x0000016c       0x7c CMakeFiles/EIM_devboard.dir/Core/Src/adc.c.obj
 .debug_frame   0x000001e8       0x74 CMakeFiles/EIM_devboard.dir/Core/Src/can.c.obj
 .debug_frame   0x0000025c       0x74 CMakeFiles/EIM_devboard.dir/Core/Src/i2c.c.obj
 .debug_frame   0x000002d0       0x74 CMakeFiles/EIM_devboard.dir/Core/Src/spi.c.obj
 .debug_frame   0x00000344       0x90 CMakeFiles/EIM_devboard.dir/Core/Src/usart.c.obj
 .debug_frame   0x000003d4      0x120 CMakeFiles/EIM_devboard.dir/Core/Src/stm32f1xx_it.c.obj
 .debug_frame   0x000004f4       0x38 CMakeFiles/EIM_devboard.dir/Core/Src/stm32f1xx_hal_msp.c.obj
 .debug_frame   0x0000052c      0x40c CMakeFiles/EIM_devboard.dir/Drivers/STM32F1xx_HAL_Driver/Src/stm32f1xx_hal_adc.c.obj
 .debug_frame   0x00000938      0x334 CMakeFiles/EIM_devboard.dir/Drivers/STM32F1xx_HAL_Driver/Src/stm32f1xx_hal.c.obj
 .debug_frame   0x00000c6c      0x218 CMakeFiles/EIM_devboard.dir/Drivers/STM32F1xx_HAL_Driver/Src/stm32f1xx_hal_rcc.c.obj
 .debug_frame   0x00000e84       0x80 CMakeFiles/EIM_devboard.dir/Drivers/STM32F1xx_HAL_Driver/Src/stm32f1xx_hal_rcc_ex.c.obj
 .debug_frame   0x00000f04      0x14c CMakeFiles/EIM_devboard.dir/Drivers/STM32F1xx_HAL_Driver/Src/stm32f1xx_hal_gpio.c.obj
 .debug_frame   0x00001050      0x428 CMakeFiles/EIM_devboard.dir/Drivers/STM32F1xx_HAL_Driver/Src/stm32f1xx_hal_cortex.c.obj
 .debug_frame   0x00001478      0x5a0 CMakeFiles/EIM_devboard.dir/Drivers/STM32F1xx_HAL_Driver/Src/stm32f1xx_hal_can.c.obj
 .debug_frame   0x00001a18      0xc84 CMakeFiles/EIM_devboard.dir/Drivers/STM32F1xx_HAL_Driver/Src/stm32f1xx_hal_i2c.c.obj
 .debug_frame   0x0000269c      0x824 CMakeFiles/EIM_devboard.dir/Drivers/STM32F1xx_HAL_Driver/Src/stm32f1xx_hal_spi.c.obj
 .debug_frame   0x00002ec0      0x944 CMakeFiles/EIM_devboard.dir/Drivers/STM32F1xx_HAL_Driver/Src/stm32f1xx_hal_uart.c.obj
 .debug_frame   0x00003804       0x58 CMakeFiles/EIM_devboard.dir/Core/Src/system_stm32f1xx.c.obj

.debug_info     0x00000000     0xe3f6
 .debug_info    0x00000000      0x1f8 CMakeFiles/EIM_devboard.dir/Libraries/Src/eim.c.obj
 .debug_info    0x000001f8      0x5d3 CMakeFiles/EIM_devboard.dir/Libraries/Src/bluecan.c.obj
 .debug_info    0x000007cb      0x435 CMakeFiles/EIM_devboard.dir/Core/Src/main.c.obj
 .debug_info    0x00000c00      0x44e CMakeFiles/EIM_devboard.dir/Core/Src/gpio.c.obj
 .debug_info    0x0000104e      0x7b8 CMakeFiles/EIM_devboard.dir/Core/Src/adc.c.obj
 .debug_info    0x00001806      0x6db CMakeFiles/EIM_devboard.dir/Core/Src/can.c.obj
 .debug_info    0x00001ee1      0x7e3 CMakeFiles/EIM_devboard.dir/Core/Src/i2c.c.obj
 .debug_info    0x000026c4      0x7b2 CMakeFiles/EIM_devboard.dir/Core/Src/spi.c.obj
 .debug_info    0x00002e76      0x7f0 CMakeFiles/EIM_devboard.dir/Core/Src/usart.c.obj
 .debug_info    0x00003666      0x14b CMakeFiles/EIM_devboard.dir/Core/Src/stm32f1xx_it.c.obj
 .debug_info    0x000037b1      0x1f1 CMakeFiles/EIM_devboard.dir/Core/Src/stm32f1xx_hal_msp.c.obj
 .debug_info    0x000039a2      0xc50 CMakeFiles/EIM_devboard.dir/Drivers/STM32F1xx_HAL_Driver/Src/stm32f1xx_hal_adc.c.obj
 .debug_info    0x000045f2      0x704 CMakeFiles/EIM_devboard.dir/Drivers/STM32F1xx_HAL_Driver/Src/stm32f1xx_hal.c.obj
 .debug_info    0x00004cf6      0x7d5 CMakeFiles/EIM_devboard.dir/Drivers/STM32F1xx_HAL_Driver/Src/stm32f1xx_hal_rcc.c.obj
 .debug_info    0x000054cb      0x3c0 CMakeFiles/EIM_devboard.dir/Drivers/STM32F1xx_HAL_Driver/Src/stm32f1xx_hal_rcc_ex.c.obj
 .debug_info    0x0000588b      0x5ab CMakeFiles/EIM_devboard.dir/Drivers/STM32F1xx_HAL_Driver/Src/stm32f1xx_hal_gpio.c.obj
 .debug_info    0x00005e36      0xa87 CMakeFiles/EIM_devboard.dir/Drivers/STM32F1xx_HAL_Driver/Src/stm32f1xx_hal_cortex.c.obj
 .debug_info    0x000068bd      0xf27 CMakeFiles/EIM_devboard.dir/Drivers/STM32F1xx_HAL_Driver/Src/stm32f1xx_hal_can.c.obj
 .debug_info    0x000077e4     0x2515 CMakeFiles/EIM_devboard.dir/Drivers/STM32F1xx_HAL_Driver/Src/stm32f1xx_hal_i2c.c.obj
 .debug_info    0x00009cf9     0x1503 CMakeFiles/EIM_devboard.dir/Drivers/STM32F1xx_HAL_Driver/Src/stm32f1xx_hal_spi.c.obj
 .debug_info    0x0000b1fc     0x2fa8 CMakeFiles/EIM_devboard.dir/Drivers/STM32F1xx_HAL_Driver/Src/stm32f1xx_hal_uart.c.obj
 .debug_info    0x0000e1a4      0x222 CMakeFiles/EIM_devboard.dir/Core/Src/system_stm32f1xx.c.obj
 .debug_info    0x0000e3c6       0x30 CMakeFiles/EIM_devboard.dir/startup_stm32f103xb.s.obj

.debug_abbrev   0x00000000     0x29fa
 .debug_abbrev  0x00000000       0xf7 CMakeFiles/EIM_devboard.dir/Libraries/Src/eim.c.obj
 .debug_abbrev  0x000000f7      0x1a7 CMakeFiles/EIM_devboard.dir/Libraries/Src/bluecan.c.obj
 .debug_abbrev  0x0000029e      0x1ff CMakeFiles/EIM_devboard.dir/Core/Src/main.c.obj
 .debug_abbrev  0x0000049d      0x161 CMakeFiles/EIM_devboard.dir/Core/Src/gpio.c.obj
 .debug_abbrev  0x000005fe      0x1e1 CMakeFiles/EIM_devboard.dir/Core/Src/adc.c.obj
 .debug_abbrev  0x000007df      0x224 CMakeFiles/EIM_devboard.dir/Core/Src/can.c.obj
 .debug_abbrev  0x00000a03      0x1de CMakeFiles/EIM_devboard.dir/Core/Src/i2c.c.obj
 .debug_abbrev  0x00000be1      0x1e0 CMakeFiles/EIM_devboard.dir/Core/Src/spi.c.obj
 .debug_abbrev  0x00000dc1      0x1ec CMakeFiles/EIM_devboard.dir/Core/Src/usart.c.obj
 .debug_abbrev  0x00000fad       0xa0 CMakeFiles/EIM_devboard.dir/Core/Src/stm32f1xx_it.c.obj
 .debug_abbrev  0x0000104d       0xdb CMakeFiles/EIM_devboard.dir/Core/Src/stm32f1xx_hal_msp.c.obj
 .debug_abbrev  0x00001128      0x225 CMakeFiles/EIM_devboard.dir/Drivers/STM32F1xx_HAL_Driver/Src/stm32f1xx_hal_adc.c.obj
 .debug_abbrev  0x0000134d      0x201 CMakeFiles/EIM_devboard.dir/Drivers/STM32F1xx_HAL_Driver/Src/stm32f1xx_hal.c.obj
 .debug_abbrev  0x0000154e      0x2b3 CMakeFiles/EIM_devboard.dir/Drivers/STM32F1xx_HAL_Driver/Src/stm32f1xx_hal_rcc.c.obj
 .debug_abbrev  0x00001801      0x188 CMakeFiles/EIM_devboard.dir/Drivers/STM32F1xx_HAL_Driver/Src/stm32f1xx_hal_rcc_ex.c.obj
 .debug_abbrev  0x00001989      0x1ca CMakeFiles/EIM_devboard.dir/Drivers/STM32F1xx_HAL_Driver/Src/stm32f1xx_hal_gpio.c.obj
 .debug_abbrev  0x00001b53      0x2f8 CMakeFiles/EIM_devboard.dir/Drivers/STM32F1xx_HAL_Driver/Src/stm32f1xx_hal_cortex.c.obj
 .debug_abbrev  0x00001e4b      0x22d CMakeFiles/EIM_devboard.dir/Drivers/STM32F1xx_HAL_Driver/Src/stm32f1xx_hal_can.c.obj
 .debug_abbrev  0x00002078      0x2a3 CMakeFiles/EIM_devboard.dir/Drivers/STM32F1xx_HAL_Driver/Src/stm32f1xx_hal_i2c.c.obj
 .debug_abbrev  0x0000231b      0x284 CMakeFiles/EIM_devboard.dir/Drivers/STM32F1xx_HAL_Driver/Src/stm32f1xx_hal_spi.c.obj
 .debug_abbrev  0x0000259f      0x2f8 CMakeFiles/EIM_devboard.dir/Drivers/STM32F1xx_HAL_Driver/Src/stm32f1xx_hal_uart.c.obj
 .debug_abbrev  0x00002897      0x13f CMakeFiles/EIM_devboard.dir/Core/Src/system_stm32f1xx.c.obj
 .debug_abbrev  0x000029d6       0x24 CMakeFiles/EIM_devboard.dir/startup_stm32f103xb.s.obj

.debug_aranges  0x00000000      0xe08
 .debug_aranges
                0x00000000       0x20 CMakeFiles/EIM_devboard.dir/Libraries/Src/eim.c.obj
 .debug_aranges
                0x00000020       0x28 CMakeFiles/EIM_devboard.dir/Libraries/Src/bluecan.c.obj
 .debug_aranges
                0x00000048       0x30 CMakeFiles/EIM_devboard.dir/Core/Src/main.c.obj
 .debug_aranges
                0x00000078       0x20 CMakeFiles/EIM_devboard.dir/Core/Src/gpio.c.obj
 .debug_aranges
                0x00000098       0x30 CMakeFiles/EIM_devboard.dir/Core/Src/adc.c.obj
 .debug_aranges
                0x000000c8       0x30 CMakeFiles/EIM_devboard.dir/Core/Src/can.c.obj
 .debug_aranges
                0x000000f8       0x30 CMakeFiles/EIM_devboard.dir/Core/Src/i2c.c.obj
 .debug_aranges
                0x00000128       0x30 CMakeFiles/EIM_devboard.dir/Core/Src/spi.c.obj
 .debug_aranges
                0x00000158       0x38 CMakeFiles/EIM_devboard.dir/Core/Src/usart.c.obj
 .debug_aranges
                0x00000190       0x68 CMakeFiles/EIM_devboard.dir/Core/Src/stm32f1xx_it.c.obj
 .debug_aranges
                0x000001f8       0x20 CMakeFiles/EIM_devboard.dir/Core/Src/stm32f1xx_hal_msp.c.obj
 .debug_aranges
                0x00000218       0xf0 CMakeFiles/EIM_devboard.dir/Drivers/STM32F1xx_HAL_Driver/Src/stm32f1xx_hal_adc.c.obj
 .debug_aranges
                0x00000308       0xe0 CMakeFiles/EIM_devboard.dir/Drivers/STM32F1xx_HAL_Driver/Src/stm32f1xx_hal.c.obj
 .debug_aranges
                0x000003e8       0x90 CMakeFiles/EIM_devboard.dir/Drivers/STM32F1xx_HAL_Driver/Src/stm32f1xx_hal_rcc.c.obj
 .debug_aranges
                0x00000478       0x30 CMakeFiles/EIM_devboard.dir/Drivers/STM32F1xx_HAL_Driver/Src/stm32f1xx_hal_rcc_ex.c.obj
 .debug_aranges
                0x000004a8       0x58 CMakeFiles/EIM_devboard.dir/Drivers/STM32F1xx_HAL_Driver/Src/stm32f1xx_hal_gpio.c.obj
 .debug_aranges
                0x00000500      0x100 CMakeFiles/EIM_devboard.dir/Drivers/STM32F1xx_HAL_Driver/Src/stm32f1xx_hal_cortex.c.obj
 .debug_aranges
                0x00000600      0x138 CMakeFiles/EIM_devboard.dir/Drivers/STM32F1xx_HAL_Driver/Src/stm32f1xx_hal_can.c.obj
 .debug_aranges
                0x00000738      0x2a8 CMakeFiles/EIM_devboard.dir/Drivers/STM32F1xx_HAL_Driver/Src/stm32f1xx_hal_i2c.c.obj
 .debug_aranges
                0x000009e0      0x1d0 CMakeFiles/EIM_devboard.dir/Drivers/STM32F1xx_HAL_Driver/Src/stm32f1xx_hal_spi.c.obj
 .debug_aranges
                0x00000bb0      0x208 CMakeFiles/EIM_devboard.dir/Drivers/STM32F1xx_HAL_Driver/Src/stm32f1xx_hal_uart.c.obj
 .debug_aranges
                0x00000db8       0x28 CMakeFiles/EIM_devboard.dir/Core/Src/system_stm32f1xx.c.obj
 .debug_aranges
                0x00000de0       0x28 CMakeFiles/EIM_devboard.dir/startup_stm32f103xb.s.obj

.debug_rnglists
                0x00000000      0xace
 .debug_rnglists
                0x00000000       0x14 CMakeFiles/EIM_devboard.dir/Libraries/Src/eim.c.obj
 .debug_rnglists
                0x00000014       0x19 CMakeFiles/EIM_devboard.dir/Libraries/Src/bluecan.c.obj
 .debug_rnglists
                0x0000002d       0x20 CMakeFiles/EIM_devboard.dir/Core/Src/main.c.obj
 .debug_rnglists
                0x0000004d       0x14 CMakeFiles/EIM_devboard.dir/Core/Src/gpio.c.obj
 .debug_rnglists
                0x00000061       0x1f CMakeFiles/EIM_devboard.dir/Core/Src/adc.c.obj
 .debug_rnglists
                0x00000080       0x20 CMakeFiles/EIM_devboard.dir/Core/Src/can.c.obj
 .debug_rnglists
                0x000000a0       0x1f CMakeFiles/EIM_devboard.dir/Core/Src/i2c.c.obj
 .debug_rnglists
                0x000000bf       0x20 CMakeFiles/EIM_devboard.dir/Core/Src/spi.c.obj
 .debug_rnglists
                0x000000df       0x26 CMakeFiles/EIM_devboard.dir/Core/Src/usart.c.obj
 .debug_rnglists
                0x00000105       0x49 CMakeFiles/EIM_devboard.dir/Core/Src/stm32f1xx_it.c.obj
 .debug_rnglists
                0x0000014e       0x13 CMakeFiles/EIM_devboard.dir/Core/Src/stm32f1xx_hal_msp.c.obj
 .debug_rnglists
                0x00000161       0xbc CMakeFiles/EIM_devboard.dir/Drivers/STM32F1xx_HAL_Driver/Src/stm32f1xx_hal_adc.c.obj
 .debug_rnglists
                0x0000021d       0xa3 CMakeFiles/EIM_devboard.dir/Drivers/STM32F1xx_HAL_Driver/Src/stm32f1xx_hal.c.obj
 .debug_rnglists
                0x000002c0       0x6c CMakeFiles/EIM_devboard.dir/Drivers/STM32F1xx_HAL_Driver/Src/stm32f1xx_hal_rcc.c.obj
 .debug_rnglists
                0x0000032c       0x21 CMakeFiles/EIM_devboard.dir/Drivers/STM32F1xx_HAL_Driver/Src/stm32f1xx_hal_rcc_ex.c.obj
 .debug_rnglists
                0x0000034d       0x3f CMakeFiles/EIM_devboard.dir/Drivers/STM32F1xx_HAL_Driver/Src/stm32f1xx_hal_gpio.c.obj
 .debug_rnglists
                0x0000038c       0xbb CMakeFiles/EIM_devboard.dir/Drivers/STM32F1xx_HAL_Driver/Src/stm32f1xx_hal_cortex.c.obj
 .debug_rnglists
                0x00000447       0xee CMakeFiles/EIM_devboard.dir/Drivers/STM32F1xx_HAL_Driver/Src/stm32f1xx_hal_can.c.obj
 .debug_rnglists
                0x00000535      0x23c CMakeFiles/EIM_devboard.dir/Drivers/STM32F1xx_HAL_Driver/Src/stm32f1xx_hal_i2c.c.obj
 .debug_rnglists
                0x00000771      0x16e CMakeFiles/EIM_devboard.dir/Drivers/STM32F1xx_HAL_Driver/Src/stm32f1xx_hal_spi.c.obj
 .debug_rnglists
                0x000008df      0x1bc CMakeFiles/EIM_devboard.dir/Drivers/STM32F1xx_HAL_Driver/Src/stm32f1xx_hal_uart.c.obj
 .debug_rnglists
                0x00000a9b       0x1a CMakeFiles/EIM_devboard.dir/Core/Src/system_stm32f1xx.c.obj
 .debug_rnglists
                0x00000ab5       0x19 CMakeFiles/EIM_devboard.dir/startup_stm32f103xb.s.obj

.debug_macro    0x00000000    0x18841
 .debug_macro   0x00000000      0x1d9 CMakeFiles/EIM_devboard.dir/Libraries/Src/eim.c.obj
 .debug_macro   0x000001d9      0xaa8 CMakeFiles/EIM_devboard.dir/Libraries/Src/eim.c.obj
 .debug_macro   0x00000c81      0x22d CMakeFiles/EIM_devboard.dir/Libraries/Src/eim.c.obj
 .debug_macro   0x00000eae       0x2e CMakeFiles/EIM_devboard.dir/Libraries/Src/eim.c.obj
 .debug_macro   0x00000edc       0x22 CMakeFiles/EIM_devboard.dir/Libraries/Src/eim.c.obj
 .debug_macro   0x00000efe       0x22 CMakeFiles/EIM_devboard.dir/Libraries/Src/eim.c.obj
 .debug_macro   0x00000f20       0x8e CMakeFiles/EIM_devboard.dir/Libraries/Src/eim.c.obj
 .debug_macro   0x00000fae       0x51 CMakeFiles/EIM_devboard.dir/Libraries/Src/eim.c.obj
 .debug_macro   0x00000fff      0x103 CMakeFiles/EIM_devboard.dir/Libraries/Src/eim.c.obj
 .debug_macro   0x00001102       0x6a CMakeFiles/EIM_devboard.dir/Libraries/Src/eim.c.obj
 .debug_macro   0x0000116c      0x1df CMakeFiles/EIM_devboard.dir/Libraries/Src/eim.c.obj
 .debug_macro   0x0000134b       0x1c CMakeFiles/EIM_devboard.dir/Libraries/Src/eim.c.obj
 .debug_macro   0x00001367       0x22 CMakeFiles/EIM_devboard.dir/Libraries/Src/eim.c.obj
 .debug_macro   0x00001389       0xbd CMakeFiles/EIM_devboard.dir/Libraries/Src/eim.c.obj
 .debug_macro   0x00001446      0xd23 CMakeFiles/EIM_devboard.dir/Libraries/Src/eim.c.obj
 .debug_macro   0x00002169     0xe09e CMakeFiles/EIM_devboard.dir/Libraries/Src/eim.c.obj
 .debug_macro   0x00010207       0x6d CMakeFiles/EIM_devboard.dir/Libraries/Src/eim.c.obj
 .debug_macro   0x00010274     0x348d CMakeFiles/EIM_devboard.dir/Libraries/Src/eim.c.obj
 .debug_macro   0x00013701      0x189 CMakeFiles/EIM_devboard.dir/Libraries/Src/eim.c.obj
 .debug_macro   0x0001388a       0x5c CMakeFiles/EIM_devboard.dir/Libraries/Src/eim.c.obj
 .debug_macro   0x000138e6      0x5bc CMakeFiles/EIM_devboard.dir/Libraries/Src/eim.c.obj
 .debug_macro   0x00013ea2      0x289 CMakeFiles/EIM_devboard.dir/Libraries/Src/eim.c.obj
 .debug_macro   0x0001412b      0x1cb CMakeFiles/EIM_devboard.dir/Libraries/Src/eim.c.obj
 .debug_macro   0x000142f6      0x114 CMakeFiles/EIM_devboard.dir/Libraries/Src/eim.c.obj
 .debug_macro   0x0001440a      0x1b2 CMakeFiles/EIM_devboard.dir/Libraries/Src/eim.c.obj
 .debug_macro   0x000145bc       0x27 CMakeFiles/EIM_devboard.dir/Libraries/Src/eim.c.obj
 .debug_macro   0x000145e3      0x136 CMakeFiles/EIM_devboard.dir/Libraries/Src/eim.c.obj
 .debug_macro   0x00014719      0x1bc CMakeFiles/EIM_devboard.dir/Libraries/Src/eim.c.obj
 .debug_macro   0x000148d5       0x34 CMakeFiles/EIM_devboard.dir/Libraries/Src/eim.c.obj
 .debug_macro   0x00014909       0x3c CMakeFiles/EIM_devboard.dir/Libraries/Src/eim.c.obj
 .debug_macro   0x00014945      0x408 CMakeFiles/EIM_devboard.dir/Libraries/Src/eim.c.obj
 .debug_macro   0x00014d4d       0x57 CMakeFiles/EIM_devboard.dir/Libraries/Src/eim.c.obj
 .debug_macro   0x00014da4      0x46a CMakeFiles/EIM_devboard.dir/Libraries/Src/eim.c.obj
 .debug_macro   0x0001520e      0x1b5 CMakeFiles/EIM_devboard.dir/Libraries/Src/eim.c.obj
 .debug_macro   0x000153c3       0x87 CMakeFiles/EIM_devboard.dir/Libraries/Src/eim.c.obj
 .debug_macro   0x0001544a      0x240 CMakeFiles/EIM_devboard.dir/Libraries/Src/eim.c.obj
 .debug_macro   0x0001568a      0x287 CMakeFiles/EIM_devboard.dir/Libraries/Src/eim.c.obj
 .debug_macro   0x00015911      0x140 CMakeFiles/EIM_devboard.dir/Libraries/Src/eim.c.obj
 .debug_macro   0x00015a51      0x217 CMakeFiles/EIM_devboard.dir/Libraries/Src/eim.c.obj
 .debug_macro   0x00015c68      0x28e CMakeFiles/EIM_devboard.dir/Libraries/Src/eim.c.obj
 .debug_macro   0x00015ef6       0x83 CMakeFiles/EIM_devboard.dir/Libraries/Src/eim.c.obj
 .debug_macro   0x00015f79      0x1a3 CMakeFiles/EIM_devboard.dir/Libraries/Src/eim.c.obj
 .debug_macro   0x0001611c      0x1e7 CMakeFiles/EIM_devboard.dir/Libraries/Src/bluecan.c.obj
 .debug_macro   0x00016303      0x223 CMakeFiles/EIM_devboard.dir/Core/Src/main.c.obj
 .debug_macro   0x00016526      0x1d9 CMakeFiles/EIM_devboard.dir/Core/Src/gpio.c.obj
 .debug_macro   0x000166ff      0x1d9 CMakeFiles/EIM_devboard.dir/Core/Src/adc.c.obj
 .debug_macro   0x000168d8      0x1d9 CMakeFiles/EIM_devboard.dir/Core/Src/can.c.obj
 .debug_macro   0x00016ab1      0x1d9 CMakeFiles/EIM_devboard.dir/Core/Src/i2c.c.obj
 .debug_macro   0x00016c8a      0x1d9 CMakeFiles/EIM_devboard.dir/Core/Src/spi.c.obj
 .debug_macro   0x00016e63      0x1d9 CMakeFiles/EIM_devboard.dir/Core/Src/usart.c.obj
 .debug_macro   0x0001703c      0x1d9 CMakeFiles/EIM_devboard.dir/Core/Src/stm32f1xx_it.c.obj
 .debug_macro   0x00017215      0x1cf CMakeFiles/EIM_devboard.dir/Core/Src/stm32f1xx_hal_msp.c.obj
 .debug_macro   0x000173e4      0x1dd CMakeFiles/EIM_devboard.dir/Drivers/STM32F1xx_HAL_Driver/Src/stm32f1xx_hal_adc.c.obj
 .debug_macro   0x000175c1      0x1e4 CMakeFiles/EIM_devboard.dir/Drivers/STM32F1xx_HAL_Driver/Src/stm32f1xx_hal.c.obj
 .debug_macro   0x000177a5      0x1d2 CMakeFiles/EIM_devboard.dir/Drivers/STM32F1xx_HAL_Driver/Src/stm32f1xx_hal_rcc.c.obj
 .debug_macro   0x00017977      0x1c0 CMakeFiles/EIM_devboard.dir/Drivers/STM32F1xx_HAL_Driver/Src/stm32f1xx_hal_rcc_ex.c.obj
 .debug_macro   0x00017b37      0x22b CMakeFiles/EIM_devboard.dir/Drivers/STM32F1xx_HAL_Driver/Src/stm32f1xx_hal_gpio.c.obj
 .debug_macro   0x00017d62      0x1c0 CMakeFiles/EIM_devboard.dir/Drivers/STM32F1xx_HAL_Driver/Src/stm32f1xx_hal_cortex.c.obj
 .debug_macro   0x00017f22      0x1c8 CMakeFiles/EIM_devboard.dir/Drivers/STM32F1xx_HAL_Driver/Src/stm32f1xx_hal_can.c.obj
 .debug_macro   0x000180ea      0x20e CMakeFiles/EIM_devboard.dir/Drivers/STM32F1xx_HAL_Driver/Src/stm32f1xx_hal_i2c.c.obj
 .debug_macro   0x000182f8      0x1c8 CMakeFiles/EIM_devboard.dir/Drivers/STM32F1xx_HAL_Driver/Src/stm32f1xx_hal_spi.c.obj
 .debug_macro   0x000184c0      0x1c1 CMakeFiles/EIM_devboard.dir/Drivers/STM32F1xx_HAL_Driver/Src/stm32f1xx_hal_uart.c.obj
 .debug_macro   0x00018681      0x1c0 CMakeFiles/EIM_devboard.dir/Core/Src/system_stm32f1xx.c.obj

.debug_line     0x00000000    0x13e6d
 .debug_line    0x00000000      0x7fb CMakeFiles/EIM_devboard.dir/Libraries/Src/eim.c.obj
 .debug_line    0x000007fb      0x7f0 CMakeFiles/EIM_devboard.dir/Libraries/Src/bluecan.c.obj
 .debug_line    0x00000feb      0x8b1 CMakeFiles/EIM_devboard.dir/Core/Src/main.c.obj
 .debug_line    0x0000189c      0x7d1 CMakeFiles/EIM_devboard.dir/Core/Src/gpio.c.obj
 .debug_line    0x0000206d      0x7e5 CMakeFiles/EIM_devboard.dir/Core/Src/adc.c.obj
 .debug_line    0x00002852      0x7e9 CMakeFiles/EIM_devboard.dir/Core/Src/can.c.obj
 .debug_line    0x0000303b      0x7db CMakeFiles/EIM_devboard.dir/Core/Src/i2c.c.obj
 .debug_line    0x00003816      0x7ed CMakeFiles/EIM_devboard.dir/Core/Src/spi.c.obj
 .debug_line    0x00004003      0x84b CMakeFiles/EIM_devboard.dir/Core/Src/usart.c.obj
 .debug_line    0x0000484e      0x850 CMakeFiles/EIM_devboard.dir/Core/Src/stm32f1xx_it.c.obj
 .debug_line    0x0000509e      0x777 CMakeFiles/EIM_devboard.dir/Core/Src/stm32f1xx_hal_msp.c.obj
 .debug_line    0x00005815     0x109e CMakeFiles/EIM_devboard.dir/Drivers/STM32F1xx_HAL_Driver/Src/stm32f1xx_hal_adc.c.obj
 .debug_line    0x000068b3      0xa21 CMakeFiles/EIM_devboard.dir/Drivers/STM32F1xx_HAL_Driver/Src/stm32f1xx_hal.c.obj
 .debug_line    0x000072d4      0xe2a CMakeFiles/EIM_devboard.dir/Drivers/STM32F1xx_HAL_Driver/Src/stm32f1xx_hal_rcc.c.obj
 .debug_line    0x000080fe      0x96b CMakeFiles/EIM_devboard.dir/Drivers/STM32F1xx_HAL_Driver/Src/stm32f1xx_hal_rcc_ex.c.obj
 .debug_line    0x00008a69      0xaba CMakeFiles/EIM_devboard.dir/Drivers/STM32F1xx_HAL_Driver/Src/stm32f1xx_hal_gpio.c.obj
 .debug_line    0x00009523      0xc0d CMakeFiles/EIM_devboard.dir/Drivers/STM32F1xx_HAL_Driver/Src/stm32f1xx_hal_cortex.c.obj
 .debug_line    0x0000a130     0x1206 CMakeFiles/EIM_devboard.dir/Drivers/STM32F1xx_HAL_Driver/Src/stm32f1xx_hal_can.c.obj
 .debug_line    0x0000b336     0x3c8e CMakeFiles/EIM_devboard.dir/Drivers/STM32F1xx_HAL_Driver/Src/stm32f1xx_hal_i2c.c.obj
 .debug_line    0x0000efc4     0x1cd3 CMakeFiles/EIM_devboard.dir/Drivers/STM32F1xx_HAL_Driver/Src/stm32f1xx_hal_spi.c.obj
 .debug_line    0x00010c97     0x296a CMakeFiles/EIM_devboard.dir/Drivers/STM32F1xx_HAL_Driver/Src/stm32f1xx_hal_uart.c.obj
 .debug_line    0x00013601      0x7f4 CMakeFiles/EIM_devboard.dir/Core/Src/system_stm32f1xx.c.obj
 .debug_line    0x00013df5       0x78 CMakeFiles/EIM_devboard.dir/startup_stm32f103xb.s.obj

.debug_str      0x00000000    0x8a9d0
 .debug_str     0x00000000    0x86531 CMakeFiles/EIM_devboard.dir/Libraries/Src/eim.c.obj
                              0x86865 (size before relaxing)
 .debug_str     0x00086531      0x37e CMakeFiles/EIM_devboard.dir/Libraries/Src/bluecan.c.obj
                              0x86b3e (size before relaxing)
 .debug_str     0x000868af      0x309 CMakeFiles/EIM_devboard.dir/Core/Src/main.c.obj
                              0x86b23 (size before relaxing)
 .debug_str     0x00086bb8      0x359 CMakeFiles/EIM_devboard.dir/Core/Src/gpio.c.obj
                              0x86baf (size before relaxing)
 .debug_str     0x00086f11      0x350 CMakeFiles/EIM_devboard.dir/Core/Src/adc.c.obj
                              0x86c4d (size before relaxing)
 .debug_str     0x00087261       0x83 CMakeFiles/EIM_devboard.dir/Core/Src/can.c.obj
                              0x86b92 (size before relaxing)
 .debug_str     0x000872e4      0x2bd CMakeFiles/EIM_devboard.dir/Core/Src/i2c.c.obj
                              0x86d62 (size before relaxing)
 .debug_str     0x000875a1      0x233 CMakeFiles/EIM_devboard.dir/Core/Src/spi.c.obj
                              0x86cb9 (size before relaxing)
 .debug_str     0x000877d4      0x223 CMakeFiles/EIM_devboard.dir/Core/Src/usart.c.obj
                              0x86d0b (size before relaxing)
 .debug_str     0x000879f7      0x12f CMakeFiles/EIM_devboard.dir/Core/Src/stm32f1xx_it.c.obj
                              0x86887 (size before relaxing)
 .debug_str     0x00087b26       0x88 CMakeFiles/EIM_devboard.dir/Core/Src/stm32f1xx_hal_msp.c.obj
                              0x86830 (size before relaxing)
 .debug_str     0x00087bae      0x3ec CMakeFiles/EIM_devboard.dir/Drivers/STM32F1xx_HAL_Driver/Src/stm32f1xx_hal_adc.c.obj
                              0x868f3 (size before relaxing)
 .debug_str     0x00087f9a      0x3a6 CMakeFiles/EIM_devboard.dir/Drivers/STM32F1xx_HAL_Driver/Src/stm32f1xx_hal.c.obj
                              0x86942 (size before relaxing)
 .debug_str     0x00088340      0x27d CMakeFiles/EIM_devboard.dir/Drivers/STM32F1xx_HAL_Driver/Src/stm32f1xx_hal_rcc.c.obj
                              0x8663e (size before relaxing)
 .debug_str     0x000885bd       0xbc CMakeFiles/EIM_devboard.dir/Drivers/STM32F1xx_HAL_Driver/Src/stm32f1xx_hal_rcc_ex.c.obj
                              0x8638e (size before relaxing)
 .debug_str     0x00088679      0x2e1 CMakeFiles/EIM_devboard.dir/Drivers/STM32F1xx_HAL_Driver/Src/stm32f1xx_hal_gpio.c.obj
                              0x86595 (size before relaxing)
 .debug_str     0x0008895a      0x2b8 CMakeFiles/EIM_devboard.dir/Drivers/STM32F1xx_HAL_Driver/Src/stm32f1xx_hal_cortex.c.obj
                              0x8688e (size before relaxing)
 .debug_str     0x00088c12      0x542 CMakeFiles/EIM_devboard.dir/Drivers/STM32F1xx_HAL_Driver/Src/stm32f1xx_hal_can.c.obj
                              0x86a0f (size before relaxing)
 .debug_str     0x00089154      0xbdb CMakeFiles/EIM_devboard.dir/Drivers/STM32F1xx_HAL_Driver/Src/stm32f1xx_hal_i2c.c.obj
                              0x872d6 (size before relaxing)
 .debug_str     0x00089d2f      0x554 CMakeFiles/EIM_devboard.dir/Drivers/STM32F1xx_HAL_Driver/Src/stm32f1xx_hal_spi.c.obj
                              0x86b3b (size before relaxing)
 .debug_str     0x0008a283      0x656 CMakeFiles/EIM_devboard.dir/Drivers/STM32F1xx_HAL_Driver/Src/stm32f1xx_hal_uart.c.obj
                              0x86caf (size before relaxing)
 .debug_str     0x0008a8d9       0x8a CMakeFiles/EIM_devboard.dir/Core/Src/system_stm32f1xx.c.obj
                              0x8620f (size before relaxing)
 .debug_str     0x0008a963       0x6d CMakeFiles/EIM_devboard.dir/startup_stm32f103xb.s.obj
                                 0xb4 (size before relaxing)

.comment        0x00000000       0x43
 .comment       0x00000000       0x43 CMakeFiles/EIM_devboard.dir/Libraries/Src/eim.c.obj
                                 0x44 (size before relaxing)
 .comment       0x00000043       0x44 CMakeFiles/EIM_devboard.dir/Libraries/Src/bluecan.c.obj
 .comment       0x00000043       0x44 CMakeFiles/EIM_devboard.dir/Core/Src/main.c.obj
 .comment       0x00000043       0x44 CMakeFiles/EIM_devboard.dir/Core/Src/gpio.c.obj
 .comment       0x00000043       0x44 CMakeFiles/EIM_devboard.dir/Core/Src/adc.c.obj
 .comment       0x00000043       0x44 CMakeFiles/EIM_devboard.dir/Core/Src/can.c.obj
 .comment       0x00000043       0x44 CMakeFiles/EIM_devboard.dir/Core/Src/i2c.c.obj
 .comment       0x00000043       0x44 CMakeFiles/EIM_devboard.dir/Core/Src/spi.c.obj
 .comment       0x00000043       0x44 CMakeFiles/EIM_devboard.dir/Core/Src/usart.c.obj
 .comment       0x00000043       0x44 CMakeFiles/EIM_devboard.dir/Core/Src/stm32f1xx_it.c.obj
 .comment       0x00000043       0x44 CMakeFiles/EIM_devboard.dir/Core/Src/stm32f1xx_hal_msp.c.obj
 .comment       0x00000043       0x44 CMakeFiles/EIM_devboard.dir/Drivers/STM32F1xx_HAL_Driver/Src/stm32f1xx_hal_adc.c.obj
 .comment       0x00000043       0x44 CMakeFiles/EIM_devboard.dir/Drivers/STM32F1xx_HAL_Driver/Src/stm32f1xx_hal.c.obj
 .comment       0x00000043       0x44 CMakeFiles/EIM_devboard.dir/Drivers/STM32F1xx_HAL_Driver/Src/stm32f1xx_hal_rcc.c.obj
 .comment       0x00000043       0x44 CMakeFiles/EIM_devboard.dir/Drivers/STM32F1xx_HAL_Driver/Src/stm32f1xx_hal_rcc_ex.c.obj
 .comment       0x00000043       0x44 CMakeFiles/EIM_devboard.dir/Drivers/STM32F1xx_HAL_Driver/Src/stm32f1xx_hal_gpio.c.obj
 .comment       0x00000043       0x44 CMakeFiles/EIM_devboard.dir/Drivers/STM32F1xx_HAL_Driver/Src/stm32f1xx_hal_cortex.c.obj
 .comment       0x00000043       0x44 CMakeFiles/EIM_devboard.dir/Drivers/STM32F1xx_HAL_Driver/Src/stm32f1xx_hal_can.c.obj
 .comment       0x00000043       0x44 CMakeFiles/EIM_devboard.dir/Drivers/STM32F1xx_HAL_Driver/Src/stm32f1xx_hal_i2c.c.obj
 .comment       0x00000043       0x44 CMakeFiles/EIM_devboard.dir/Drivers/STM32F1xx_HAL_Driver/Src/stm32f1xx_hal_spi.c.obj
 .comment       0x00000043       0x44 CMakeFiles/EIM_devboard.dir/Drivers/STM32F1xx_HAL_Driver/Src/stm32f1xx_hal_uart.c.obj
 .comment       0x00000043       0x44 CMakeFiles/EIM_devboard.dir/Core/Src/system_stm32f1xx.c.obj

.debug_line_str
                0x00000000       0x98
 .debug_line_str
                0x00000000       0x98 CMakeFiles/EIM_devboard.dir/startup_stm32f103xb.s.obj
